Archive member included because of file (symbol)

/Users/tom/Development/git/Arduino/Wire/Debug/libWireLib.a(Wire.o)
                              ./PhStamp.o (TwoWire::TwoWire())
/Users/tom/Development/git/Arduino/Wire/Debug/libWireLib.a(twi.o)
                              /Users/tom/Development/git/Arduino/Wire/Debug/libWireLib.a(Wire.o) (twi_init)
/Users/tom/Development/git/Arduino/SoftwareSerial/Debug/libSoftwareSerialLib.a(SoftwareSerial.o)
                              ./Lcd.o (SoftwareSerial::listen())
/Users/tom/Development/git/Arduino/avrlib/Release/libDiecimilaCore.a(HardwareSerial.o)
                              ./main.o (HardwareSerial::begin(long))
/Users/tom/Development/git/Arduino/avrlib/Release/libDiecimilaCore.a(Print.o)
                              /Users/tom/Development/git/Arduino/SoftwareSerial/Debug/libSoftwareSerialLib.a(SoftwareSerial.o) (Print::write(char const*))
/Users/tom/Development/git/Arduino/avrlib/Release/libDiecimilaCore.a(WInterrupts.o)
                              ./main.o (attachInterrupt)
/Users/tom/Development/git/Arduino/avrlib/Release/libDiecimilaCore.a(WString.o)
                              /Users/tom/Development/git/Arduino/avrlib/Release/libDiecimilaCore.a(Print.o) (String::operator[](unsigned int) const)
/Users/tom/Development/git/Arduino/avrlib/Release/libDiecimilaCore.a(pins_arduino.o)
                              /Users/tom/Development/git/Arduino/SoftwareSerial/Debug/libSoftwareSerialLib.a(SoftwareSerial.o) (port_to_output_PGM)
/Users/tom/Development/git/Arduino/avrlib/Release/libDiecimilaCore.a(wiring.o)
                              ./PhStamp.o (delay)
/Users/tom/Development/git/Arduino/avrlib/Release/libDiecimilaCore.a(wiring_analog.o)
                              ./TemperatureProbe.o (analogReference)
/Users/tom/Development/git/Arduino/avrlib/Release/libDiecimilaCore.a(wiring_digital.o)
                              ./TemperatureProbe.o (pinMode)
/usr/local/CrossPack-AVR-20100115/lib/gcc/avr/4.3.3/../../../../avr/lib/avr5/libm.a(addsf3.o)
                              /Users/tom/Development/git/Arduino/avrlib/Release/libDiecimilaCore.a(Print.o) (__subsf3)
/usr/local/CrossPack-AVR-20100115/lib/gcc/avr/4.3.3/../../../../avr/lib/avr5/libm.a(addsf3x.o)
                              /usr/local/CrossPack-AVR-20100115/lib/gcc/avr/4.3.3/../../../../avr/lib/avr5/libm.a(addsf3.o) (__addsf3x)
/usr/local/CrossPack-AVR-20100115/lib/gcc/avr/4.3.3/../../../../avr/lib/avr5/libm.a(cmpsf2.o)
                              /Users/tom/Development/git/Arduino/avrlib/Release/libDiecimilaCore.a(Print.o) (__ltsf2)
/usr/local/CrossPack-AVR-20100115/lib/gcc/avr/4.3.3/../../../../avr/lib/avr5/libm.a(divsf3.o)
                              ./PhStamp.o (__divsf3)
/usr/local/CrossPack-AVR-20100115/lib/gcc/avr/4.3.3/../../../../avr/lib/avr5/libm.a(divsf3x.o)
                              /usr/local/CrossPack-AVR-20100115/lib/gcc/avr/4.3.3/../../../../avr/lib/avr5/libm.a(divsf3.o) (__divsf3x)
/usr/local/CrossPack-AVR-20100115/lib/gcc/avr/4.3.3/../../../../avr/lib/avr5/libm.a(fixsfsi.o)
                              /Users/tom/Development/git/Arduino/avrlib/Release/libDiecimilaCore.a(Print.o) (__fixsfsi)
/usr/local/CrossPack-AVR-20100115/lib/gcc/avr/4.3.3/../../../../avr/lib/avr5/libm.a(fixunssfsi.o)
                              /Users/tom/Development/git/Arduino/avrlib/Release/libDiecimilaCore.a(Print.o) (__fixunssfsi)
/usr/local/CrossPack-AVR-20100115/lib/gcc/avr/4.3.3/../../../../avr/lib/avr5/libm.a(floatsisf.o)
                              ./TemperatureProbe.o (__floatunsisf)
/usr/local/CrossPack-AVR-20100115/lib/gcc/avr/4.3.3/../../../../avr/lib/avr5/libm.a(fp_cmp.o)
                              /usr/local/CrossPack-AVR-20100115/lib/gcc/avr/4.3.3/../../../../avr/lib/avr5/libm.a(cmpsf2.o) (__fp_cmp)
/usr/local/CrossPack-AVR-20100115/lib/gcc/avr/4.3.3/../../../../avr/lib/avr5/libm.a(fp_inf.o)
                              /usr/local/CrossPack-AVR-20100115/lib/gcc/avr/4.3.3/../../../../avr/lib/avr5/libm.a(addsf3x.o) (__fp_inf)
/usr/local/CrossPack-AVR-20100115/lib/gcc/avr/4.3.3/../../../../avr/lib/avr5/libm.a(fp_nan.o)
                              /usr/local/CrossPack-AVR-20100115/lib/gcc/avr/4.3.3/../../../../avr/lib/avr5/libm.a(addsf3x.o) (__fp_nan)
/usr/local/CrossPack-AVR-20100115/lib/gcc/avr/4.3.3/../../../../avr/lib/avr5/libm.a(fp_pscA.o)
                              /usr/local/CrossPack-AVR-20100115/lib/gcc/avr/4.3.3/../../../../avr/lib/avr5/libm.a(addsf3x.o) (__fp_pscA)
/usr/local/CrossPack-AVR-20100115/lib/gcc/avr/4.3.3/../../../../avr/lib/avr5/libm.a(fp_pscB.o)
                              /usr/local/CrossPack-AVR-20100115/lib/gcc/avr/4.3.3/../../../../avr/lib/avr5/libm.a(addsf3x.o) (__fp_pscB)
/usr/local/CrossPack-AVR-20100115/lib/gcc/avr/4.3.3/../../../../avr/lib/avr5/libm.a(fp_round.o)
                              /usr/local/CrossPack-AVR-20100115/lib/gcc/avr/4.3.3/../../../../avr/lib/avr5/libm.a(addsf3.o) (__fp_round)
[...]
Memory Configuration

Name             Origin             Length             Attributes
text             0x00000000         0x00020000         xr
data             0x00800060         0x0000ffa0         rw !x
eeprom           0x00810000         0x00010000         rw !x
fuse             0x00820000         0x00000400         rw !x
lock             0x00830000         0x00000400         rw !x
signature        0x00840000         0x00000400         rw !x
*default*        0x00000000         0xffffffff

Linker script and memory map

Address of section .data set to 0x800100
LOAD /usr/local/CrossPack-AVR-20100115/lib/gcc/avr/4.3.3/../../../../avr/lib/avr5/crtm328p.o
LOAD ./Lcd.o
LOAD ./PhStamp.o
LOAD ./RealTimeClock.o
LOAD ./TemperatureProbe.o
LOAD ./main.o
LOAD /Users/tom/Development/git/Arduino/Wire/Debug/libWireLib.a
LOAD /Users/tom/Development/git/Arduino/SoftwareSerial/Debug/libSoftwareSerialLib.a
LOAD /Users/tom/Development/git/Arduino/avrlib/Release/libDiecimilaCore.a
LOAD /usr/local/CrossPack-AVR-20100115/lib/gcc/avr/4.3.3/../../../../avr/lib/avr5/libm.a
LOAD /usr/local/CrossPack-AVR-20100115/lib/gcc/avr/4.3.3/avr5/libgcc.a
LOAD /usr/local/CrossPack-AVR-20100115/lib/gcc/avr/4.3.3/../../../../avr/lib/avr5/libc.a
LOAD /usr/local/CrossPack-AVR-20100115/lib/gcc/avr/4.3.3/avr5/libgcc.a

.hash
 *(.hash)

.dynsym
 *(.dynsym)

.dynstr
 *(.dynstr)

.gnu.version
 *(.gnu.version)

.gnu.version_d
 *(.gnu.version_d)

.gnu.version_r
 *(.gnu.version_r)

.rel.init
 *(.rel.init)

.rela.init
 *(.rela.init)

.rel.text
 *(.rel.text)
 *(.rel.text.*)
 *(.rel.gnu.linkonce.t*)

.rela.text
 *(.rela.text)
 *(.rela.text.*)
 *(.rela.gnu.linkonce.t*)

.rel.fini
 *(.rel.fini)

.rela.fini
 *(.rela.fini)

.rel.rodata
 *(.rel.rodata)
 *(.rel.rodata.*)
 *(.rel.gnu.linkonce.r*)

.rela.rodata
 *(.rela.rodata)
 *(.rela.rodata.*)
 *(.rela.gnu.linkonce.r*)

.rel.data
 *(.rel.data)
 *(.rel.data.*)
 *(.rel.gnu.linkonce.d*)

.rela.data
 *(.rela.data)
 *(.rela.data.*)
 *(.rela.gnu.linkonce.d*)

.rel.ctors
 *(.rel.ctors)

.rela.ctors
 *(.rela.ctors)

.rel.dtors
 *(.rel.dtors)

.rela.dtors
 *(.rela.dtors)

.rel.got
 *(.rel.got)

.rela.got
 *(.rela.got)

.rel.bss
 *(.rel.bss)

.rela.bss
 *(.rela.bss)

.rel.plt
 *(.rel.plt)

.rela.plt
 *(.rela.plt)

.text           0x00000000     0x57ac
 *(.vectors)
 .vectors       0x00000000       0x68 /usr/local/CrossPack-AVR-20100115/lib/gcc/avr/4.3.3/../../../../avr/lib/avr5/crtm328p.o
                0x00000000                __vectors
                0x00000000                __vector_default
 *(.vectors)
 *(.progmem.gcc*)
 .progmem.gcc_sw_table
                0x00000068       0x7e ./main.o
 *(.progmem*)
 .progmem.data  0x000000e6       0x90 /Users/tom/Development/git/Arduino/SoftwareSerial/Debug/libSoftwareSerialLib.a(SoftwareSerial.o)
 .progmem.data  0x00000176       0x5a /Users/tom/Development/git/Arduino/avrlib/Release/libDiecimilaCore.a(pins_arduino.o)
                0x00000176                port_to_mode_PGM
                0x00000194                digital_pin_to_port_PGM
                0x000001a8                digital_pin_to_bit_mask_PGM
                0x00000180                port_to_output_PGM
                0x0000018a                port_to_input_PGM
                0x000001bc                digital_pin_to_timer_PGM
 .progmem.data  0x000001d0       0x3b /usr/local/CrossPack-AVR-20100115/lib/gcc/avr/4.3.3/../../../../avr/lib/avr5/libc.a(strtod.o)
                0x0000020c                . = ALIGN (0x2)
 *fill*         0x0000020b        0x1 00
                0x0000020c                __trampolines_start = .
 *(.trampolines)
 .trampolines   0x0000020c        0x0 linker stubs
 *(.trampolines*)
                0x0000020c                __trampolines_end = .
 *(.jumptables)
 *(.jumptables*)
 *(.lowtext)
 *(.lowtext*)
                0x0000020c                __ctors_start = .
 *(.ctors)
 .ctors         0x0000020c        0x2 ./Lcd.o
 .ctors         0x0000020e        0x2 ./PhStamp.o
 .ctors         0x00000210        0x2 ./RealTimeClock.o
 .ctors         0x00000212        0x2 ./TemperatureProbe.o
 .ctors         0x00000214        0x2 /Users/tom/Development/git/Arduino/Wire/Debug/libWireLib.a(Wire.o)
 .ctors         0x00000216        0x2 /Users/tom/Development/git/Arduino/avrlib/Release/libDiecimilaCore.a(HardwareSerial.o)
                0x00000218                __ctors_end = .
                0x00000218                __dtors_start = .
 *(.dtors)
 .dtors         0x00000218        0x2 ./Lcd.o
 .dtors         0x0000021a        0x2 ./PhStamp.o
                0x0000021c                __dtors_end = .
 SORT(*)(.ctors)
 SORT(*)(.dtors)
 *(.init0)
 .init0         0x0000021c        0x0 /usr/local/CrossPack-AVR-20100115/lib/gcc/avr/4.3.3/../../../../avr/lib/avr5/crtm328p.o
                0x0000021c                __init
 *(.init0)
 *(.init1)
 *(.init1)
 *(.init2)
 .init2         0x0000021c        0xc /usr/local/CrossPack-AVR-20100115/lib/gcc/avr/4.3.3/../../../../avr/lib/avr5/crtm328p.o
 *(.init2)
 *(.init3)
 *(.init3)
 *(.init4)
 .init4         0x00000228       0x16 /usr/local/CrossPack-AVR-20100115/lib/gcc/avr/4.3.3/avr5/libgcc.a(_copy_data.o)
                0x00000228                __do_copy_data
 .init4         0x0000023e       0x10 /usr/local/CrossPack-AVR-20100115/lib/gcc/avr/4.3.3/avr5/libgcc.a(_clear_bss.o)
                0x0000023e                __do_clear_bss
 *(.init4)
 *(.init5)
 *(.init5)
 *(.init6)
 .init6         0x0000024e       0x16 /usr/local/CrossPack-AVR-20100115/lib/gcc/avr/4.3.3/avr5/libgcc.a(_ctors.o)
                0x0000024e                __do_global_ctors
 *(.init6)
 *(.init7)
 *(.init7)
 *(.init8)
 *(.init8)
 *(.init9)
 .init9         0x00000264        0x8 /usr/local/CrossPack-AVR-20100115/lib/gcc/avr/4.3.3/../../../../avr/lib/avr5/crtm328p.o
 *(.init9)
 *(.text)
 .text          0x0000026c        0x4 /usr/local/CrossPack-AVR-20100115/lib/gcc/avr/4.3.3/../../../../avr/lib/avr5/crtm328p.o
                0x0000026c                __vector_22
                0x0000026c                __vector_12
                0x0000026c                __bad_interrupt
                0x0000026c                __vector_6
                0x0000026c                __vector_23
                0x0000026c                __vector_25
                0x0000026c                __vector_11
                0x0000026c                __vector_13
                0x0000026c                __vector_17
                0x0000026c                __vector_19
                0x0000026c                __vector_7
                0x0000026c                __vector_9
                0x0000026c                __vector_21
                0x0000026c                __vector_15
                0x0000026c                __vector_8
                0x0000026c                __vector_14
                0x0000026c                __vector_10
                0x0000026c                __vector_20
 .text          0x00000270      0x596 ./Lcd.o
                0x0000031a                Lcd::setI2CAddress(unsigned char)
                0x0000053a                Lcd::updatepH(double)
                0x00000312                Lcd::home()
                0x000002d8                Lcd::enableUnderline(unsigned char)
                0x000002ae                Lcd::showFirmware()
                0x000002f8                Lcd::moveCursor(unsigned char)
                0x000002a6                Lcd::showBaudRate()
                0x00000674                Lcd::Lcd()
                0x00000760                Lcd::Lcd()
                0x000002c8                Lcd::enableBlink(unsigned char)
                0x0000046c                Lcd::updateTime(unsigned char, unsigned char, unsigned char, unsigned char, unsigned char)
                0x000003aa                Lcd::setBrightness(unsigned char)
                0x00000362                Lcd::setCursorPosition(unsigned char)
                0x00000270                Lcd::sendCommand(unsigned char)
                0x0000033e                Lcd::setBaudRate(unsigned char)
                0x00000386                Lcd::setContrast(unsigned char)
                0x000002e8                Lcd::enableDisplay(unsigned char)
                0x000002b6                Lcd::shift(unsigned char)
                0x000003ce                Lcd::updateDate(unsigned char, unsigned char, unsigned char)
                0x0000030a                Lcd::clear()
                0x0000029e                Lcd::showI2CAddress()
                0x0000056e                Lcd::updateTemp(double)
                0x000005a2                Lcd::initialize()
 .text          0x00000806      0x4f6 ./PhStamp.o
                0x00000aea                PhStamp::PhStamp()
                0x00000a8c                PhStamp::initialize()
                0x00000832                PhStamp::sample(double)
                0x00000806                PhStamp::getBuffer()
                0x00000820                PhStamp::getAverageValue()
                0x00000c16                PhStamp::PhStamp()
                0x00000810                PhStamp::getLastValue()
 .text          0x00000cfc      0x7fe ./RealTimeClock.o
                0x00001012                RealTimeClock::setAM()
                0x00000de6                RealTimeClock::getYear()
                0x00001352                RealTimeClock::writeData(unsigned char, void*, int)
                0x0000130c                RealTimeClock::readData(unsigned char)
                0x00000cfe                RealTimeClock::RealTimeClock()
                0x00000e14                RealTimeClock::getMonth()
                0x00000d88                RealTimeClock::getMinutes()
                0x00001128                RealTimeClock::switchTo24h()
                0x000011e4                RealTimeClock::highNybbleToASCII(unsigned char)
                0x0000101e                RealTimeClock::setPM()
                0x00001204                RealTimeClock::writeData(unsigned char, unsigned char)
                0x000010b0                RealTimeClock::setHours(int)
                0x00001094                RealTimeClock::setDayOfWeek(int)
                0x00001172                RealTimeClock::setMinutes(int)
                0x00001272                RealTimeClock::start()
                0x0000118a                RealTimeClock::setSeconds(int)
                0x0000105c                RealTimeClock::setMonth(int)
                0x00000cfc                RealTimeClock::RealTimeClock()
                0x00000e70                RealTimeClock::getDayOfWeek()
                0x0000123e                RealTimeClock::sqwDisable(unsigned char)
                0x00000e42                RealTimeClock::getDate()
                0x0000125a                RealTimeClock::sqwEnable(unsigned char)
                0x000013c0                RealTimeClock::setClock()
                0x00000d00                RealTimeClock::is12hour()
                0x00000d14                RealTimeClock::isStopped()
                0x00001078                RealTimeClock::setDate(int)
                0x00001044                RealTimeClock::setYear(int)
                0x00000e9e                RealTimeClock::getFormatted(char*)
                0x000014d2                RealTimeClock::initialize()
                0x000010e8                RealTimeClock::switchTo12h()
                0x00001282                RealTimeClock::stop()
                0x00001008                RealTimeClock::set24h()
                0x000011d2                RealTimeClock::lowNybbleToASCII(unsigned char)
                0x000011a8                RealTimeClock::bcdToDec(unsigned char)
                0x00000db6                RealTimeClock::getSeconds()
                0x00001442                RealTimeClock::readClock()
                0x00000d22                RealTimeClock::getHours()
                0x00000d5c                RealTimeClock::isPM()
                0x00001292                RealTimeClock::readData(unsigned char, void*, int)
                0x00001028                RealTimeClock::decToBcd(unsigned char)
 .text          0x000014fa      0x220 ./TemperatureProbe.o
                0x0000158c                TemperatureProbe::sample()
                0x000014fa                TemperatureProbe::TemperatureProbe()
                0x0000154a                TemperatureProbe::getAverageValue()
                0x00001702                TemperatureProbe::initialize()
                0x0000153a                TemperatureProbe::getLastValue()
                0x0000151a                TemperatureProbe::TemperatureProbe()
 .text          0x0000171a      0x524 ./main.o
                0x00001ae4                sample()
                0x0000171a                update()
                0x00001722                __cxa_pure_virtual
                0x00001b42                main
                0x00001b12                initialize()
                0x00001726                SerialReadPosInt()
                0x0000177c                processCommand()
 .text          0x00001c3e      0x1fe /Users/tom/Development/git/Arduino/Wire/Debug/libWireLib.a(Wire.o)
                0x00001dd8                TwoWire::requestFrom(unsigned char, unsigned char)
                0x00001c42                TwoWire::beginTransmission(unsigned char)
                0x00001c3e                TwoWire::TwoWire()
                0x00001c40                TwoWire::TwoWire()
                0x00001e36                TwoWire::begin(int)
                0x00001c6a                TwoWire::available()
                0x00001d04                TwoWire::onRequest(void (*)())
                0x00001e0e                TwoWire::begin(unsigned char)
                0x00001c98                TwoWire::onReceiveService(unsigned char*, int)
                0x00001db8                TwoWire::endTransmission()
                0x00001cfa                TwoWire::onReceive(void (*)(int))
                0x00001d5e                TwoWire::send(unsigned char*, unsigned char)
                0x00001df2                TwoWire::requestFrom(int, int)
                0x00001c56                TwoWire::beginTransmission(int)
                0x00001ce2                TwoWire::onRequestService()
                0x00001d58                TwoWire::send(int)
                0x00001da2                TwoWire::send(char*)
                0x00001df8                TwoWire::begin()
                0x00001d10                TwoWire::send(unsigned char)
                0x00001c76                TwoWire::receive()
 .text          0x00001e3c      0x492 /Users/tom/Development/git/Arduino/Wire/Debug/libWireLib.a(twi.o)
                0x00001f5e                twi_transmit
                0x00001fd8                __vector_24
                0x00001fcc                twi_releaseBus
                0x00001f94                twi_attachSlaveRxEvent
                0x00001e3c                twi_init
                0x00001ed8                twi_writeTo
                0x00001f9e                twi_attachSlaveTxEvent
                0x00001e6a                twi_readFrom
                0x00001fa8                twi_reply
                0x00001fb8                twi_stop
                0x00001e62                twi_setAddress
 .text          0x000022ce      0x790 /Users/tom/Development/git/Arduino/SoftwareSerial/Debug/libSoftwareSerialLib.a(SoftwareSerial.o)
                0x0000250e                SoftwareSerial::begin(long)
                0x000022ce                SoftwareSerial::listen()
                0x000024f6                SoftwareSerial::SoftwareSerial()
                0x00002a16                SoftwareSerial::SoftwareSerial(unsigned char, unsigned char, bool)
                0x0000241e                __vector_3
                0x00002978                SoftwareSerial::setTX(unsigned char)
                0x000026ee                SoftwareSerial::read()
                0x000023da                SoftwareSerial::tx_pin_write(unsigned char)
                0x000028ee                SoftwareSerial::peek()
                0x00002764                SoftwareSerial::write(unsigned char)
                0x00002306                SoftwareSerial::recv()
                0x000026dc                SoftwareSerial::~SoftwareSerial()
                0x000024ae                __vector_5
                0x00002730                SoftwareSerial::available()
                0x00002660                SoftwareSerial::end()
                0x00002466                __vector_4
                0x00002502                SoftwareSerial::SoftwareSerial()
                0x0000240c                SoftwareSerial::handle_interrupt()
                0x000023f8                SoftwareSerial::rx_pin_read()
                0x000028b4                SoftwareSerial::enable_timer0(bool)
                0x000026ca                SoftwareSerial::~SoftwareSerial()
                0x00002922                SoftwareSerial::setRX(unsigned char)
                0x000028cc                SoftwareSerial::flush()
                0x000029ce                SoftwareSerial::SoftwareSerial(unsigned char, unsigned char, bool)
 .text          0x00002a5e      0x378 /Users/tom/Development/git/Arduino/avrlib/Release/libDiecimilaCore.a(HardwareSerial.o)
                0x00002ca8                HardwareSerial::peek()
                0x00002c86                HardwareSerial::available()
                0x00002d3c                HardwareSerial::write(unsigned char)
                0x00002b80                HardwareSerial::begin(long)
                0x00002d24                HardwareSerial::flush()
                0x00002c32                HardwareSerial::end()
                0x00002b20                HardwareSerial::HardwareSerial(ring_buffer*, unsigned char volatile*, unsigned char volatile*, unsigned char volatile*, unsigned char volatile*, unsigned char volatile*, unsigned char, unsigned char, unsigned char, unsigned char, unsigned char)
                0x00002ac0                HardwareSerial::HardwareSerial(ring_buffer*, unsigned char volatile*, unsigned char volatile*, unsigned char volatile*, unsigned char volatile*, unsigned char volatile*, unsigned char, unsigned char, unsigned char, unsigned char, unsigned char)
                0x00002cdc                HardwareSerial::read()
                0x00002a5e                __vector_18
 .text          0x00002dd6      0x5a6 /Users/tom/Development/git/Arduino/avrlib/Release/libDiecimilaCore.a(Print.o)
                0x000031b2                Print::println(String const&)
                0x00003136                Print::println(unsigned int, int)
                0x000030f2                Print::println()
                0x000031de                Print::println(int, int)
                0x00002ea8                Print::printNumber(unsigned long, unsigned char)
                0x00002e06                Print::write(unsigned char const*, unsigned int)
                0x00003360                Print::print(double, int)
                0x000030ce                Print::print(char, int)
                0x00002dd6                Print::write(char const*)
                0x00003248                Print::printFloat(double, unsigned char)
                0x000030a8                Print::print(int, int)
                0x00003018                Print::print(unsigned char, int)
                0x0000319c                Print::println(char const*)
                0x00003168                Print::println(unsigned char, int)
                0x00003214                Print::println(char, int)
                0x00002ff6                Print::print(unsigned int, int)
                0x00002e44                Print::print(char const*)
                0x00002fd8                Print::print(unsigned long, int)
                0x000031c8                Print::println(long, int)
                0x00003366                Print::println(double, int)
                0x0000303c                Print::print(long, int)
                0x00003120                Print::println(unsigned long, int)
                0x00002e54                Print::print(String const&)
 .text          0x0000337c      0x120 /Users/tom/Development/git/Arduino/avrlib/Release/libDiecimilaCore.a(WInterrupts.o)
                0x000033e8                __vector_1
                0x0000337c                attachInterrupt
                0x000033c2                detachInterrupt
                0x00003442                __vector_2
 .text          0x0000349c     0x101a /Users/tom/Development/git/Arduino/avrlib/Release/libDiecimilaCore.a(WString.o)
                0x000034ac                String::setCharAt(unsigned int, char)
                0x00003892                String::operator+=(String const&)
                0x00003fdc                String::lastIndexOf(String const&) const
                0x000035bc                String::startsWith(String const&, unsigned int) const
                0x0000378c                String::operator>=(String const&) const
                0x00003efa                String::substring(unsigned int) const
                0x00003acc                String::String(unsigned long, int)
                0x00003e8c                String::substring(unsigned int, unsigned int) const
                0x00003514                String::toCharArray(char*, unsigned int)
                0x000034ce                String::operator[](unsigned int)
                0x00003508                String::toInt()
                0x00003d82                String::toLowerCase() const
                0x00003a60                String::String(String const&)
                0x00003698                String::indexOf(String const&, unsigned int) const
                0x000034f8                String::operator[](unsigned int) const
                0x00003d10                String::toUpperCase() const
                0x00003a2c                String::String(char)
                0x0000381c                String::operator!=(String const&) const
                0x00003902                String::concat(String const&)
                0x0000349c                String::charAt(unsigned int) const
                0x000035f8                String::startsWith(String const&) const
                0x0000384c                String::operator==(String const&) const
                0x00004204                String::replace(char, char)
                0x0000359c                String::~String()
                0x00003a96                String::String(String const&)
                0x00003716                String::indexOf(char) const
                0x00003930                String::operator=(String const&)
                0x000042d2                String::String(long, int)
                0x00003c44                String::String(unsigned int, int)
                0x00003990                String::String(unsigned char)
                0x00003908                String::getBuffer(unsigned int)
                0x00003752                String::endsWith(String const&) const
                0x00003ff8                String::trim() const
                0x000043c6                String::String(int, int)
                0x00003f12                String::lastIndexOf(String const&, unsigned int) const
                0x00003cc0                String::String(char const*)
                0x00003880                String::compareTo(String const&) const
                0x0000361e                String::lastIndexOf(char, unsigned int) const
                0x000036d4                String::indexOf(String const&) const
                0x00003720                String::equals(String const&) const
                0x000037f8                String::operator<(String const&) const
                0x000037b4                String::operator<=(String const&) const
                0x000039c4                String::String(unsigned char)
                0x00004282                String::String(char const*)
                0x00003bc8                String::String(unsigned int, int)
                0x0000443e                String::String(int, int)
                0x00003df4                String::equalsIgnoreCase(String const&) const
                0x00003688                String::lastIndexOf(char) const
                0x0000434c                String::String(long, int)
                0x00003b4a                String::String(unsigned long, int)
                0x000039f8                String::String(char)
                0x000036de                String::indexOf(char, unsigned int) const
                0x00003558                String::getBytes(unsigned char*, unsigned int)
                0x000040ce                String::replace(String const&, String const&)
                0x000037d6                String::operator>(String const&) const
 .text          0x000044b6        0x0 /Users/tom/Development/git/Arduino/avrlib/Release/libDiecimilaCore.a(pins_arduino.o)
 .text          0x000044b6      0x1ce /Users/tom/Development/git/Arduino/avrlib/Release/libDiecimilaCore.a(wiring.o)
                0x0000460e                init
                0x00004562                micros
                0x000045ae                delay
                0x000044b6                __vector_16
                0x00004546                millis
                0x000045fa                delayMicroseconds
 .text          0x00004684      0x10a /Users/tom/Development/git/Arduino/avrlib/Release/libDiecimilaCore.a(wiring_analog.o)
                0x000046ce                analogWrite
                0x00004684                analogReference
                0x0000468a                analogRead
 .text          0x0000478e      0x170 /Users/tom/Development/git/Arduino/avrlib/Release/libDiecimilaCore.a(wiring_digital.o)
                0x0000489e                digitalRead
                0x00004834                digitalWrite
                0x0000478e                pinMode
 .text          0x000048fe        0x0 /usr/local/CrossPack-AVR-20100115/lib/gcc/avr/4.3.3/../../../../avr/lib/avr5/libm.a(addsf3.o)
 .text          0x000048fe        0x0 /usr/local/CrossPack-AVR-20100115/lib/gcc/avr/4.3.3/../../../../avr/lib/avr5/libm.a(addsf3x.o)
 .text          0x000048fe        0x0 /usr/local/CrossPack-AVR-20100115/lib/gcc/avr/4.3.3/../../../../avr/lib/avr5/libm.a(cmpsf2.o)
 .text          0x000048fe        0x0 /usr/local/CrossPack-AVR-20100115/lib/gcc/avr/4.3.3/../../../../avr/lib/avr5/libm.a(divsf3.o)
 .text          0x000048fe        0x0 /usr/local/CrossPack-AVR-20100115/lib/gcc/avr/4.3.3/../../../../avr/lib/avr5/libm.a(divsf3x.o)
 .text          0x000048fe        0x0 /usr/local/CrossPack-AVR-20100115/lib/gcc/avr/4.3.3/../../../../avr/lib/avr5/libm.a(fixsfsi.o)
 .text          0x000048fe        0x0 /usr/local/CrossPack-AVR-20100115/lib/gcc/avr/4.3.3/../../../../avr/lib/avr5/libm.a(fixunssfsi.o)
 .text          0x000048fe        0x0 /usr/local/CrossPack-AVR-20100115/lib/gcc/avr/4.3.3/../../../../avr/lib/avr5/libm.a(floatsisf.o)
 .text          0x000048fe        0x0 /usr/local/CrossPack-AVR-20100115/lib/gcc/avr/4.3.3/../../../../avr/lib/avr5/libm.a(fp_cmp.o)
 .text          0x000048fe        0x0 /usr/local/CrossPack-AVR-20100115/lib/gcc/avr/4.3.3/../../../../avr/lib/avr5/libm.a(fp_inf.o)
 .text          0x000048fe        0x0 /usr/local/CrossPack-AVR-20100115/lib/gcc/avr/4.3.3/../../../../avr/lib/avr5/libm.a(fp_nan.o)
 .text          0x000048fe        0x0 /usr/local/CrossPack-AVR-20100115/lib/gcc/avr/4.3.3/../../../../avr/lib/avr5/libm.a(fp_pscA.o)
 .text          0x000048fe        0x0 /usr/local/CrossPack-AVR-20100115/lib/gcc/avr/4.3.3/../../../../avr/lib/avr5/libm.a(fp_pscB.o)
 .text          0x000048fe        0x0 /usr/local/CrossPack-AVR-20100115/lib/gcc/avr/4.3.3/../../../../avr/lib/avr5/libm.a(fp_round.o)
 .text          0x000048fe        0x0 /usr/local/CrossPack-AVR-20100115/lib/gcc/avr/4.3.3/../../../../avr/lib/avr5/libm.a(fp_split3.o)
 .text          0x000048fe        0x0 /usr/local/CrossPack-AVR-20100115/lib/gcc/avr/4.3.3/../../../../avr/lib/avr5/libm.a(fp_zero.o)
 .text          0x000048fe        0x0 /usr/local/CrossPack-AVR-20100115/lib/gcc/avr/4.3.3/../../../../avr/lib/avr5/libm.a(mulsf3.o)
 .text          0x000048fe        0x0 /usr/local/CrossPack-AVR-20100115/lib/gcc/avr/4.3.3/../../../../avr/lib/avr5/libm.a(mulsf3x.o)
 .text          0x000048fe        0x0 /usr/local/CrossPack-AVR-20100115/lib/gcc/avr/4.3.3/avr5/libgcc.a(_udivmodqi4.o)
 .text          0x000048fe        0x0 /usr/local/CrossPack-AVR-20100115/lib/gcc/avr/4.3.3/avr5/libgcc.a(_divmodhi4.o)
 .text          0x000048fe        0x0 /usr/local/CrossPack-AVR-20100115/lib/gcc/avr/4.3.3/avr5/libgcc.a(_udivmodsi4.o)
 .text          0x000048fe        0x0 /usr/local/CrossPack-AVR-20100115/lib/gcc/avr/4.3.3/avr5/libgcc.a(_exit.o)
 .text          0x000048fe        0x0 /usr/local/CrossPack-AVR-20100115/lib/gcc/avr/4.3.3/avr5/libgcc.a(_copy_data.o)
 .text          0x000048fe        0x0 /usr/local/CrossPack-AVR-20100115/lib/gcc/avr/4.3.3/avr5/libgcc.a(_clear_bss.o)
 .text          0x000048fe        0x0 /usr/local/CrossPack-AVR-20100115/lib/gcc/avr/4.3.3/avr5/libgcc.a(_ctors.o)
 .text          0x000048fe        0x0 /usr/local/CrossPack-AVR-20100115/lib/gcc/avr/4.3.3/avr5/libgcc.a(_dtors.o)
 .text          0x000048fe        0x0 /usr/local/CrossPack-AVR-20100115/lib/gcc/avr/4.3.3/avr5/libgcc.a(_udivmodhi4.o)
 .text          0x000048fe        0x0 /usr/local/CrossPack-AVR-20100115/lib/gcc/avr/4.3.3/avr5/libgcc.a(_tablejump.o)
 .text          0x000048fe        0x0 /usr/local/CrossPack-AVR-20100115/lib/gcc/avr/4.3.3/../../../../avr/lib/avr5/libc.a(malloc.o)
 .text          0x000048fe        0x0 /usr/local/CrossPack-AVR-20100115/lib/gcc/avr/4.3.3/../../../../avr/lib/avr5/libc.a(realloc.o)
 .text          0x000048fe        0x0 /usr/local/CrossPack-AVR-20100115/lib/gcc/avr/4.3.3/../../../../avr/lib/avr5/libc.a(atof.o)
 .text          0x000048fe        0x0 /usr/local/CrossPack-AVR-20100115/lib/gcc/avr/4.3.3/../../../../avr/lib/avr5/libc.a(atol.o)
 .text          0x000048fe        0x0 /usr/local/CrossPack-AVR-20100115/lib/gcc/avr/4.3.3/../../../../avr/lib/avr5/libc.a(isspace.o)
 .text          0x000048fe        0x0 /usr/local/CrossPack-AVR-20100115/lib/gcc/avr/4.3.3/../../../../avr/lib/avr5/libc.a(tolower.o)
 .text          0x000048fe        0x0 /usr/local/CrossPack-AVR-20100115/lib/gcc/avr/4.3.3/../../../../avr/lib/avr5/libc.a(toupper.o)
 .text          0x000048fe        0x0 /usr/local/CrossPack-AVR-20100115/lib/gcc/avr/4.3.3/../../../../avr/lib/avr5/libc.a(memcpy.o)
 .text          0x000048fe        0x0 /usr/local/CrossPack-AVR-20100115/lib/gcc/avr/4.3.3/../../../../avr/lib/avr5/libc.a(strcat.o)
 .text          0x000048fe        0x0 /usr/local/CrossPack-AVR-20100115/lib/gcc/avr/4.3.3/../../../../avr/lib/avr5/libc.a(strchr.o)
 .text          0x000048fe        0x0 /usr/local/CrossPack-AVR-20100115/lib/gcc/avr/4.3.3/../../../../avr/lib/avr5/libc.a(strcmp.o)
 .text          0x000048fe        0x0 /usr/local/CrossPack-AVR-20100115/lib/gcc/avr/4.3.3/../../../../avr/lib/avr5/libc.a(strcpy.o)
 .text          0x000048fe        0x0 /usr/local/CrossPack-AVR-20100115/lib/gcc/avr/4.3.3/../../../../avr/lib/avr5/libc.a(strncmp.o)
 .text          0x000048fe        0x0 /usr/local/CrossPack-AVR-20100115/lib/gcc/avr/4.3.3/../../../../avr/lib/avr5/libc.a(strncpy.o)
 .text          0x000048fe        0x0 /usr/local/CrossPack-AVR-20100115/lib/gcc/avr/4.3.3/../../../../avr/lib/avr5/libc.a(strrchr.o)
 .text          0x000048fe        0x0 /usr/local/CrossPack-AVR-20100115/lib/gcc/avr/4.3.3/../../../../avr/lib/avr5/libc.a(strstr.o)
 .text          0x000048fe        0x0 /usr/local/CrossPack-AVR-20100115/lib/gcc/avr/4.3.3/../../../../avr/lib/avr5/libc.a(itoa.o)
 .text          0x000048fe        0x0 /usr/local/CrossPack-AVR-20100115/lib/gcc/avr/4.3.3/../../../../avr/lib/avr5/libc.a(ltoa.o)
 .text          0x000048fe        0x0 /usr/local/CrossPack-AVR-20100115/lib/gcc/avr/4.3.3/../../../../avr/lib/avr5/libc.a(mulsi10.o)
 .text          0x000048fe        0x0 /usr/local/CrossPack-AVR-20100115/lib/gcc/avr/4.3.3/../../../../avr/lib/avr5/libc.a(ultoa.o)
 .text          0x000048fe        0x0 /usr/local/CrossPack-AVR-20100115/lib/gcc/avr/4.3.3/../../../../avr/lib/avr5/libc.a(strtod.o)
 .text          0x000048fe        0x0 /usr/local/CrossPack-AVR-20100115/lib/gcc/avr/4.3.3/../../../../avr/lib/avr5/libc.a(cty_isfalse.o)
 .text          0x000048fe        0x0 /usr/local/CrossPack-AVR-20100115/lib/gcc/avr/4.3.3/../../../../avr/lib/avr5/libc.a(strncasecmp_P.o)
 .text          0x000048fe        0x0 /usr/local/CrossPack-AVR-20100115/lib/gcc/avr/4.3.3/../../../../avr/lib/avr5/libc.a(strrev.o)
 .text          0x000048fe        0x0 /usr/local/CrossPack-AVR-20100115/lib/gcc/avr/4.3.3/../../../../avr/lib/avr5/libc.a(errno.o)
 .text          0x000048fe        0x0 /usr/local/CrossPack-AVR-20100115/lib/gcc/avr/4.3.3/avr5/libgcc.a(_prologue.o)
 .text          0x000048fe        0x0 /usr/local/CrossPack-AVR-20100115/lib/gcc/avr/4.3.3/avr5/libgcc.a(_epilogue.o)
                0x000048fe                . = ALIGN (0x2)
 *(.text.*)
 .text.avr-libc.fplib
                0x000048fe        0xa /usr/local/CrossPack-AVR-20100115/lib/gcc/avr/4.3.3/../../../../avr/lib/avr5/libm.a(addsf3.o)
                0x000048fe                __subsf3
                0x00004900                __addsf3
 .text.avr-libc.fplib
                0x00004908       0xc0 /usr/local/CrossPack-AVR-20100115/lib/gcc/avr/4.3.3/../../../../avr/lib/avr5/libm.a(addsf3x.o)
                0x00004922                __addsf3x
 .text.avr-libc.fplib
                0x000049c8        0x8 /usr/local/CrossPack-AVR-20100115/lib/gcc/avr/4.3.3/../../../../avr/lib/avr5/libm.a(cmpsf2.o)
                0x000049c8                __lesf2
                0x000049c8                __nesf2
                0x000049c8                __eqsf2
                0x000049c8                __cmpsf2
                0x000049c8                __ltsf2
 .text.avr-libc.fplib
                0x000049d0        0x4 /usr/local/CrossPack-AVR-20100115/lib/gcc/avr/4.3.3/../../../../avr/lib/avr5/libm.a(divsf3.o)
                0x000049d0                __divsf3
 .text.avr-libc.fplib
                0x000049d4       0xcc /usr/local/CrossPack-AVR-20100115/lib/gcc/avr/4.3.3/../../../../avr/lib/avr5/libm.a(divsf3x.o)
                0x000049ea                __divsf3x
                0x000049ee                __divsf3_pse
 .text.avr-libc.fplib
                0x00004aa0        0xa /usr/local/CrossPack-AVR-20100115/lib/gcc/avr/4.3.3/../../../../avr/lib/avr5/libm.a(fixsfsi.o)
                0x00004aa0                __fixsfsi
 .text.avr-libc.fplib
                0x00004aaa       0x58 /usr/local/CrossPack-AVR-20100115/lib/gcc/avr/4.3.3/../../../../avr/lib/avr5/libm.a(fixunssfsi.o)
                0x00004aaa                __fixunssfsi
 .text.avr-libc.fplib
                0x00004b02       0x7a /usr/local/CrossPack-AVR-20100115/lib/gcc/avr/4.3.3/../../../../avr/lib/avr5/libm.a(floatsisf.o)
                0x00004b06                __floatsisf
                0x00004b02                __floatunsisf
 .text.avr-libc.fplib
                0x00004b7c       0x48 /usr/local/CrossPack-AVR-20100115/lib/gcc/avr/4.3.3/../../../../avr/lib/avr5/libm.a(fp_cmp.o)
                0x00004b7c                __fp_cmp
 .text.avr-libc.fplib
                0x00004bc4        0xc /usr/local/CrossPack-AVR-20100115/lib/gcc/avr/4.3.3/../../../../avr/lib/avr5/libm.a(fp_inf.o)
                0x00004bc4                __fp_inf
 .text.avr-libc.fplib
                0x00004bd0        0x6 /usr/local/CrossPack-AVR-20100115/lib/gcc/avr/4.3.3/../../../../avr/lib/avr5/libm.a(fp_nan.o)
                0x00004bd0                __fp_nan
 .text.avr-libc.fplib
                0x00004bd6        0xe /usr/local/CrossPack-AVR-20100115/lib/gcc/avr/4.3.3/../../../../avr/lib/avr5/libm.a(fp_pscA.o)
                0x00004bd6                __fp_pscA
 .text.avr-libc.fplib
                0x00004be4        0xe /usr/local/CrossPack-AVR-20100115/lib/gcc/avr/4.3.3/../../../../avr/lib/avr5/libm.a(fp_pscB.o)
                0x00004be4                __fp_pscB
 .text.avr-libc.fplib
                0x00004bf2       0x22 /usr/local/CrossPack-AVR-20100115/lib/gcc/avr/4.3.3/../../../../avr/lib/avr5/libm.a(fp_round.o)
                0x00004bf2                __fp_round
 .text.avr-libc.fplib
                0x00004c14       0x44 /usr/local/CrossPack-AVR-20100115/lib/gcc/avr/4.3.3/../../../../avr/lib/avr5/libm.a(fp_split3.o)
                0x00004c14                __fp_split3
                0x00004c24                __fp_splitA
 .text.avr-libc.fplib
                0x00004c58        0xe /usr/local/CrossPack-AVR-20100115/lib/gcc/avr/4.3.3/../../../../avr/lib/avr5/libm.a(fp_zero.o)
                0x00004c58                __fp_zero
                0x00004c5a                __fp_szero
 .text.avr-libc.fplib
                0x00004c66        0x4 /usr/local/CrossPack-AVR-20100115/lib/gcc/avr/4.3.3/../../../../avr/lib/avr5/libm.a(mulsf3.o)
                0x00004c66                __mulsf3
 .text.avr-libc.fplib
                0x00004c6a       0xc2 /usr/local/CrossPack-AVR-20100115/lib/gcc/avr/4.3.3/../../../../avr/lib/avr5/libm.a(mulsf3x.o)
                0x00004c82                __mulsf3_pse
                0x00004c7e                __mulsf3x
 .text.libgcc   0x00004d2c       0x18 /usr/local/CrossPack-AVR-20100115/lib/gcc/avr/4.3.3/avr5/libgcc.a(_udivmodqi4.o)
                0x00004d2c                __udivmodqi4
 .text.libgcc   0x00004d44       0x26 /usr/local/CrossPack-AVR-20100115/lib/gcc/avr/4.3.3/avr5/libgcc.a(_divmodhi4.o)
                0x00004d44                __divmodhi4
                0x00004d44                _div
 .text.libgcc   0x00004d6a       0x44 /usr/local/CrossPack-AVR-20100115/lib/gcc/avr/4.3.3/avr5/libgcc.a(_udivmodsi4.o)
                0x00004d6a                __udivmodsi4
 .text.libgcc   0x00004dae        0x0 /usr/local/CrossPack-AVR-20100115/lib/gcc/avr/4.3.3/avr5/libgcc.a(_exit.o)
 .text.libgcc   0x00004dae        0x0 /usr/local/CrossPack-AVR-20100115/lib/gcc/avr/4.3.3/avr5/libgcc.a(_copy_data.o)
 .text.libgcc   0x00004dae        0x0 /usr/local/CrossPack-AVR-20100115/lib/gcc/avr/4.3.3/avr5/libgcc.a(_clear_bss.o)
 .text.libgcc   0x00004dae        0x0 /usr/local/CrossPack-AVR-20100115/lib/gcc/avr/4.3.3/avr5/libgcc.a(_ctors.o)
 .text.libgcc   0x00004dae        0x0 /usr/local/CrossPack-AVR-20100115/lib/gcc/avr/4.3.3/avr5/libgcc.a(_dtors.o)
 .text.libgcc   0x00004dae       0x28 /usr/local/CrossPack-AVR-20100115/lib/gcc/avr/4.3.3/avr5/libgcc.a(_udivmodhi4.o)
                0x00004dae                __udivmodhi4
 .text.libgcc   0x00004dd6        0xc /usr/local/CrossPack-AVR-20100115/lib/gcc/avr/4.3.3/avr5/libgcc.a(_tablejump.o)
                0x00004dda                __tablejump__
                0x00004dd6                __tablejump2__
 .text.avr-libc
                0x00004de2      0x20a /usr/local/CrossPack-AVR-20100115/lib/gcc/avr/4.3.3/../../../../avr/lib/avr5/libc.a(malloc.o)
                0x00004de2                malloc
                0x00004f3c                free
 .text.avr-libc
                0x00004fec      0x19c /usr/local/CrossPack-AVR-20100115/lib/gcc/avr/4.3.3/../../../../avr/lib/avr5/libc.a(realloc.o)
                0x00004fec                realloc
 .text.avr-libc
                0x00005188        0x8 /usr/local/CrossPack-AVR-20100115/lib/gcc/avr/4.3.3/../../../../avr/lib/avr5/libc.a(atof.o)
                0x00005188                atof
 .text.avr-libc
                0x00005190       0x4e /usr/local/CrossPack-AVR-20100115/lib/gcc/avr/4.3.3/../../../../avr/lib/avr5/libc.a(atol.o)
                0x00005190                atol
 .text.avr-libc
                0x000051de       0x10 /usr/local/CrossPack-AVR-20100115/lib/gcc/avr/4.3.3/../../../../avr/lib/avr5/libc.a(isspace.o)
                0x000051de                isspace
 .text.avr-libc
                0x000051ee       0x10 /usr/local/CrossPack-AVR-20100115/lib/gcc/avr/4.3.3/../../../../avr/lib/avr5/libc.a(tolower.o)
                0x000051ee                tolower
 .text.avr-libc
                0x000051fe       0x10 /usr/local/CrossPack-AVR-20100115/lib/gcc/avr/4.3.3/../../../../avr/lib/avr5/libc.a(toupper.o)
                0x000051fe                toupper
 .text.avr-libc
                0x0000520e       0x12 /usr/local/CrossPack-AVR-20100115/lib/gcc/avr/4.3.3/../../../../avr/lib/avr5/libc.a(memcpy.o)
                0x0000520e                memcpy
 .text.avr-libc
                0x00005220       0x16 /usr/local/CrossPack-AVR-20100115/lib/gcc/avr/4.3.3/../../../../avr/lib/avr5/libc.a(strcat.o)
                0x00005220                strcat
 .text.avr-libc
                0x00005236       0x16 /usr/local/CrossPack-AVR-20100115/lib/gcc/avr/4.3.3/../../../../avr/lib/avr5/libc.a(strchr.o)
                0x00005236                strchr
 .text.avr-libc
                0x0000524c       0x12 /usr/local/CrossPack-AVR-20100115/lib/gcc/avr/4.3.3/../../../../avr/lib/avr5/libc.a(strcmp.o)
                0x0000524c                strcmp
 .text.avr-libc
                0x0000525e        0xe /usr/local/CrossPack-AVR-20100115/lib/gcc/avr/4.3.3/../../../../avr/lib/avr5/libc.a(strcpy.o)
                0x0000525e                strcpy
 .text.avr-libc
                0x0000526c       0x1c /usr/local/CrossPack-AVR-20100115/lib/gcc/avr/4.3.3/../../../../avr/lib/avr5/libc.a(strncmp.o)
                0x0000526c                strncmp
 .text.avr-libc
                0x00005288       0x1e /usr/local/CrossPack-AVR-20100115/lib/gcc/avr/4.3.3/../../../../avr/lib/avr5/libc.a(strncpy.o)
                0x00005288                strncpy
 .text.avr-libc
                0x000052a6       0x16 /usr/local/CrossPack-AVR-20100115/lib/gcc/avr/4.3.3/../../../../avr/lib/avr5/libc.a(strrchr.o)
                0x000052a6                strrchr
 .text.avr-libc
                0x000052bc       0x34 /usr/local/CrossPack-AVR-20100115/lib/gcc/avr/4.3.3/../../../../avr/lib/avr5/libc.a(strstr.o)
                0x000052bc                strstr
 .text.avr-libc
                0x000052f0       0x42 /usr/local/CrossPack-AVR-20100115/lib/gcc/avr/4.3.3/../../../../avr/lib/avr5/libc.a(itoa.o)
                0x000052f0                itoa
 .text.avr-libc
                0x00005332       0x68 /usr/local/CrossPack-AVR-20100115/lib/gcc/avr/4.3.3/../../../../avr/lib/avr5/libc.a(ltoa.o)
                0x00005332                ltoa
 .text.avr-libc
                0x0000539a       0x2a /usr/local/CrossPack-AVR-20100115/lib/gcc/avr/4.3.3/../../../../avr/lib/avr5/libc.a(mulsi10.o)
                0x0000539a                __mulsi_const_10
 .text.avr-libc
                0x000053c4       0x4a /usr/local/CrossPack-AVR-20100115/lib/gcc/avr/4.3.3/../../../../avr/lib/avr5/libc.a(ultoa.o)
                0x000053c4                ultoa
 .text.avr-libc
                0x0000540e      0x2c0 /usr/local/CrossPack-AVR-20100115/lib/gcc/avr/4.3.3/../../../../avr/lib/avr5/libc.a(strtod.o)
                0x0000540e                strtod
 .text.avr-libc
                0x000056ce        0x6 /usr/local/CrossPack-AVR-20100115/lib/gcc/avr/4.3.3/../../../../avr/lib/avr5/libc.a(cty_isfalse.o)
                0x000056d2                __ctype_istrue
                0x000056ce                __ctype_isfalse
 .text.avr-libc
                0x000056d4       0x30 /usr/local/CrossPack-AVR-20100115/lib/gcc/avr/4.3.3/../../../../avr/lib/avr5/libc.a(strncasecmp_P.o)
                0x000056d4                strncasecmp_P
 .text.avr-libc
                0x00005704       0x20 /usr/local/CrossPack-AVR-20100115/lib/gcc/avr/4.3.3/../../../../avr/lib/avr5/libc.a(strrev.o)
                0x00005704                strrev
 .text.libgcc   0x00005724       0x38 /usr/local/CrossPack-AVR-20100115/lib/gcc/avr/4.3.3/avr5/libgcc.a(_prologue.o)
                0x00005724                __prologue_saves__
 .text.libgcc   0x0000575c       0x36 /usr/local/CrossPack-AVR-20100115/lib/gcc/avr/4.3.3/avr5/libgcc.a(_epilogue.o)
                0x0000575c                __epilogue_restores__
                0x00005792                . = ALIGN (0x2)
 *(.fini9)
 .fini9         0x00005792        0x0 /usr/local/CrossPack-AVR-20100115/lib/gcc/avr/4.3.3/avr5/libgcc.a(_exit.o)
                0x00005792                exit
                0x00005792                _exit
 *(.fini9)
 *(.fini8)
 *(.fini8)
 *(.fini7)
 *(.fini7)
 *(.fini6)
 .fini6         0x00005792       0x16 /usr/local/CrossPack-AVR-20100115/lib/gcc/avr/4.3.3/avr5/libgcc.a(_dtors.o)
                0x00005792                __do_global_dtors
 *(.fini6)
 *(.fini5)
 *(.fini5)
 *(.fini4)
 *(.fini4)
 *(.fini3)
 *(.fini3)
 *(.fini2)
 *(.fini2)
 *(.fini1)
 *(.fini1)
 *(.fini0)
 .fini0         0x000057a8        0x4 /usr/local/CrossPack-AVR-20100115/lib/gcc/avr/4.3.3/avr5/libgcc.a(_exit.o)
 *(.fini0)
                0x000057ac                _etext = .

.data           0x00800100      0x486 load address 0x000057ac
                0x00800100                PROVIDE (__data_start, .)
 *(.data)
 .data          0x00800100        0x0 /usr/local/CrossPack-AVR-20100115/lib/gcc/avr/4.3.3/../../../../avr/lib/avr5/crtm328p.o
 .data          0x00800100       0x5c ./Lcd.o
 .data          0x0080015c       0x77 ./PhStamp.o
 .data          0x008001d3        0x0 ./RealTimeClock.o
 .data          0x008001d3        0x0 ./TemperatureProbe.o
 .data          0x008001d3      0x357 ./main.o
 .data          0x0080052a        0x0 /Users/tom/Development/git/Arduino/Wire/Debug/libWireLib.a(Wire.o)
 .data          0x0080052a        0x0 /Users/tom/Development/git/Arduino/Wire/Debug/libWireLib.a(twi.o)
 .data          0x0080052a       0x24 /Users/tom/Development/git/Arduino/SoftwareSerial/Debug/libSoftwareSerialLib.a(SoftwareSerial.o)
                0x0080053c                vtable for Stream
                0x0080052a                vtable for SoftwareSerial
 .data          0x0080054e       0x24 /Users/tom/Development/git/Arduino/avrlib/Release/libDiecimilaCore.a(HardwareSerial.o)
                0x0080054e                vtable for HardwareSerial
 .data          0x00800572        0xc /Users/tom/Development/git/Arduino/avrlib/Release/libDiecimilaCore.a(Print.o)
                0x00800574                vtable for Print
 .data          0x0080057e        0x0 /Users/tom/Development/git/Arduino/avrlib/Release/libDiecimilaCore.a(WInterrupts.o)
 .data          0x0080057e        0x1 /Users/tom/Development/git/Arduino/avrlib/Release/libDiecimilaCore.a(WString.o)
 .data          0x0080057f        0x0 /Users/tom/Development/git/Arduino/avrlib/Release/libDiecimilaCore.a(pins_arduino.o)
 .data          0x0080057f        0x0 /Users/tom/Development/git/Arduino/avrlib/Release/libDiecimilaCore.a(wiring.o)
 .data          0x0080057f        0x1 /Users/tom/Development/git/Arduino/avrlib/Release/libDiecimilaCore.a(wiring_analog.o)
                0x0080057f                analog_reference
 .data          0x00800580        0x0 /Users/tom/Development/git/Arduino/avrlib/Release/libDiecimilaCore.a(wiring_digital.o)
 .data          0x00800580        0x0 /usr/local/CrossPack-AVR-20100115/lib/gcc/avr/4.3.3/../../../../avr/lib/avr5/libm.a(addsf3.o)
 .data          0x00800580        0x0 /usr/local/CrossPack-AVR-20100115/lib/gcc/avr/4.3.3/../../../../avr/lib/avr5/libm.a(addsf3x.o)
 .data          0x00800580        0x0 /usr/local/CrossPack-AVR-20100115/lib/gcc/avr/4.3.3/../../../../avr/lib/avr5/libm.a(cmpsf2.o)
 .data          0x00800580        0x0 /usr/local/CrossPack-AVR-20100115/lib/gcc/avr/4.3.3/../../../../avr/lib/avr5/libm.a(divsf3.o)
 .data          0x00800580        0x0 /usr/local/CrossPack-AVR-20100115/lib/gcc/avr/4.3.3/../../../../avr/lib/avr5/libm.a(divsf3x.o)
 .data          0x00800580        0x0 /usr/local/CrossPack-AVR-20100115/lib/gcc/avr/4.3.3/../../../../avr/lib/avr5/libm.a(fixsfsi.o)
 .data          0x00800580        0x0 /usr/local/CrossPack-AVR-20100115/lib/gcc/avr/4.3.3/../../../../avr/lib/avr5/libm.a(fixunssfsi.o)
 .data          0x00800580        0x0 /usr/local/CrossPack-AVR-20100115/lib/gcc/avr/4.3.3/../../../../avr/lib/avr5/libm.a(floatsisf.o)
 .data          0x00800580        0x0 /usr/local/CrossPack-AVR-20100115/lib/gcc/avr/4.3.3/../../../../avr/lib/avr5/libm.a(fp_cmp.o)
 .data          0x00800580        0x0 /usr/local/CrossPack-AVR-20100115/lib/gcc/avr/4.3.3/../../../../avr/lib/avr5/libm.a(fp_inf.o)
 .data          0x00800580        0x0 /usr/local/CrossPack-AVR-20100115/lib/gcc/avr/4.3.3/../../../../avr/lib/avr5/libm.a(fp_nan.o)
 .data          0x00800580        0x0 /usr/local/CrossPack-AVR-20100115/lib/gcc/avr/4.3.3/../../../../avr/lib/avr5/libm.a(fp_pscA.o)
 .data          0x00800580        0x0 /usr/local/CrossPack-AVR-20100115/lib/gcc/avr/4.3.3/../../../../avr/lib/avr5/libm.a(fp_pscB.o)
 .data          0x00800580        0x0 /usr/local/CrossPack-AVR-20100115/lib/gcc/avr/4.3.3/../../../../avr/lib/avr5/libm.a(fp_round.o)
 .data          0x00800580        0x0 /usr/local/CrossPack-AVR-20100115/lib/gcc/avr/4.3.3/../../../../avr/lib/avr5/libm.a(fp_split3.o)
 .data          0x00800580        0x0 /usr/local/CrossPack-AVR-20100115/lib/gcc/avr/4.3.3/../../../../avr/lib/avr5/libm.a(fp_zero.o)
 .data          0x00800580        0x0 /usr/local/CrossPack-AVR-20100115/lib/gcc/avr/4.3.3/../../../../avr/lib/avr5/libm.a(mulsf3.o)
 .data          0x00800580        0x0 /usr/local/CrossPack-AVR-20100115/lib/gcc/avr/4.3.3/../../../../avr/lib/avr5/libm.a(mulsf3x.o)
 .data          0x00800580        0x0 /usr/local/CrossPack-AVR-20100115/lib/gcc/avr/4.3.3/avr5/libgcc.a(_udivmodqi4.o)
 .data          0x00800580        0x0 /usr/local/CrossPack-AVR-20100115/lib/gcc/avr/4.3.3/avr5/libgcc.a(_divmodhi4.o)
 .data          0x00800580        0x0 /usr/local/CrossPack-AVR-20100115/lib/gcc/avr/4.3.3/avr5/libgcc.a(_udivmodsi4.o)
 .data          0x00800580        0x0 /usr/local/CrossPack-AVR-20100115/lib/gcc/avr/4.3.3/avr5/libgcc.a(_exit.o)
 .data          0x00800580        0x0 /usr/local/CrossPack-AVR-20100115/lib/gcc/avr/4.3.3/avr5/libgcc.a(_copy_data.o)
 .data          0x00800580        0x0 /usr/local/CrossPack-AVR-20100115/lib/gcc/avr/4.3.3/avr5/libgcc.a(_clear_bss.o)
 .data          0x00800580        0x0 /usr/local/CrossPack-AVR-20100115/lib/gcc/avr/4.3.3/avr5/libgcc.a(_ctors.o)
 .data          0x00800580        0x0 /usr/local/CrossPack-AVR-20100115/lib/gcc/avr/4.3.3/avr5/libgcc.a(_dtors.o)
 .data          0x00800580        0x0 /usr/local/CrossPack-AVR-20100115/lib/gcc/avr/4.3.3/avr5/libgcc.a(_udivmodhi4.o)
 .data          0x00800580        0x0 /usr/local/CrossPack-AVR-20100115/lib/gcc/avr/4.3.3/avr5/libgcc.a(_tablejump.o)
 .data          0x00800580        0x6 /usr/local/CrossPack-AVR-20100115/lib/gcc/avr/4.3.3/../../../../avr/lib/avr5/libc.a(malloc.o)
                0x00800582                __malloc_heap_start
                0x00800584                __malloc_heap_end
                0x00800580                __malloc_margin
 .data          0x00800586        0x0 /usr/local/CrossPack-AVR-20100115/lib/gcc/avr/4.3.3/../../../../avr/lib/avr5/libc.a(realloc.o)
 .data          0x00800586        0x0 /usr/local/CrossPack-AVR-20100115/lib/gcc/avr/4.3.3/../../../../avr/lib/avr5/libc.a(atof.o)
 .data          0x00800586        0x0 /usr/local/CrossPack-AVR-20100115/lib/gcc/avr/4.3.3/../../../../avr/lib/avr5/libc.a(atol.o)
 .data          0x00800586        0x0 /usr/local/CrossPack-AVR-20100115/lib/gcc/avr/4.3.3/../../../../avr/lib/avr5/libc.a(isspace.o)
 .data          0x00800586        0x0 /usr/local/CrossPack-AVR-20100115/lib/gcc/avr/4.3.3/../../../../avr/lib/avr5/libc.a(tolower.o)
 .data          0x00800586        0x0 /usr/local/CrossPack-AVR-20100115/lib/gcc/avr/4.3.3/../../../../avr/lib/avr5/libc.a(toupper.o)
 .data          0x00800586        0x0 /usr/local/CrossPack-AVR-20100115/lib/gcc/avr/4.3.3/../../../../avr/lib/avr5/libc.a(memcpy.o)
 .data          0x00800586        0x0 /usr/local/CrossPack-AVR-20100115/lib/gcc/avr/4.3.3/../../../../avr/lib/avr5/libc.a(strcat.o)
 .data          0x00800586        0x0 /usr/local/CrossPack-AVR-20100115/lib/gcc/avr/4.3.3/../../../../avr/lib/avr5/libc.a(strchr.o)
 .data          0x00800586        0x0 /usr/local/CrossPack-AVR-20100115/lib/gcc/avr/4.3.3/../../../../avr/lib/avr5/libc.a(strcmp.o)
 .data          0x00800586        0x0 /usr/local/CrossPack-AVR-20100115/lib/gcc/avr/4.3.3/../../../../avr/lib/avr5/libc.a(strcpy.o)
 .data          0x00800586        0x0 /usr/local/CrossPack-AVR-20100115/lib/gcc/avr/4.3.3/../../../../avr/lib/avr5/libc.a(strncmp.o)
 .data          0x00800586        0x0 /usr/local/CrossPack-AVR-20100115/lib/gcc/avr/4.3.3/../../../../avr/lib/avr5/libc.a(strncpy.o)
 .data          0x00800586        0x0 /usr/local/CrossPack-AVR-20100115/lib/gcc/avr/4.3.3/../../../../avr/lib/avr5/libc.a(strrchr.o)
 .data          0x00800586        0x0 /usr/local/CrossPack-AVR-20100115/lib/gcc/avr/4.3.3/../../../../avr/lib/avr5/libc.a(strstr.o)
 .data          0x00800586        0x0 /usr/local/CrossPack-AVR-20100115/lib/gcc/avr/4.3.3/../../../../avr/lib/avr5/libc.a(itoa.o)
 .data          0x00800586        0x0 /usr/local/CrossPack-AVR-20100115/lib/gcc/avr/4.3.3/../../../../avr/lib/avr5/libc.a(ltoa.o)
 .data          0x00800586        0x0 /usr/local/CrossPack-AVR-20100115/lib/gcc/avr/4.3.3/../../../../avr/lib/avr5/libc.a(mulsi10.o)
 .data          0x00800586        0x0 /usr/local/CrossPack-AVR-20100115/lib/gcc/avr/4.3.3/../../../../avr/lib/avr5/libc.a(ultoa.o)
 .data          0x00800586        0x0 /usr/local/CrossPack-AVR-20100115/lib/gcc/avr/4.3.3/../../../../avr/lib/avr5/libc.a(strtod.o)
 .data          0x00800586        0x0 /usr/local/CrossPack-AVR-20100115/lib/gcc/avr/4.3.3/../../../../avr/lib/avr5/libc.a(cty_isfalse.o)
 .data          0x00800586        0x0 /usr/local/CrossPack-AVR-20100115/lib/gcc/avr/4.3.3/../../../../avr/lib/avr5/libc.a(strncasecmp_P.o)
 .data          0x00800586        0x0 /usr/local/CrossPack-AVR-20100115/lib/gcc/avr/4.3.3/../../../../avr/lib/avr5/libc.a(strrev.o)
 .data          0x00800586        0x0 /usr/local/CrossPack-AVR-20100115/lib/gcc/avr/4.3.3/../../../../avr/lib/avr5/libc.a(errno.o)
 .data          0x00800586        0x0 /usr/local/CrossPack-AVR-20100115/lib/gcc/avr/4.3.3/avr5/libgcc.a(_prologue.o)
 .data          0x00800586        0x0 /usr/local/CrossPack-AVR-20100115/lib/gcc/avr/4.3.3/avr5/libgcc.a(_epilogue.o)
 *(.data*)
 *(.rodata)
 *(.rodata*)
 *(.gnu.linkonce.d*)
                0x00800586                . = ALIGN (0x2)
                0x00800586                _edata = .
                0x00800586                PROVIDE (__data_end, .)

.bss            0x00800586      0x237
                0x00800586                PROVIDE (__bss_start, .)
 *(.bss)
 .bss           0x00800586        0x0 /usr/local/CrossPack-AVR-20100115/lib/gcc/avr/4.3.3/../../../../avr/lib/avr5/crtm328p.o
 .bss           0x00800586       0x12 ./Lcd.o
                0x00800586                LCD
 .bss           0x00800598       0x44 ./PhStamp.o
                0x00800598                PH
 .bss           0x008005dc        0x8 ./RealTimeClock.o
                0x008005dc                RTC
 .bss           0x008005e4       0x32 ./TemperatureProbe.o
                0x008005e4                TEMP
 .bss           0x00800616        0x1 ./main.o
                0x00800616                sampleReady
 .bss           0x00800617       0x4b /Users/tom/Development/git/Arduino/Wire/Debug/libWireLib.a(Wire.o)
                0x00800639                TwoWire::txAddress
                0x00800638                TwoWire::rxBufferLength
                0x0080065f                TwoWire::user_onReceive
                0x0080065b                TwoWire::txBufferLength
                0x0080065a                TwoWire::txBufferIndex
                0x00800661                Wire
                0x0080063a                TwoWire::txBuffer
                0x0080065d                TwoWire::user_onRequest
                0x00800637                TwoWire::rxBufferIndex
                0x00800617                TwoWire::rxBuffer
                0x0080065c                TwoWire::transmitting
 .bss           0x00800662       0x6c /Users/tom/Development/git/Arduino/Wire/Debug/libWireLib.a(twi.o)
 .bss           0x008006ce       0x44 /Users/tom/Development/git/Arduino/SoftwareSerial/Debug/libSoftwareSerialLib.a(SoftwareSerial.o)
                0x008006ce                SoftwareSerial::active_object
                0x00800711                SoftwareSerial::_receive_buffer_head
                0x008006d0                SoftwareSerial::_receive_buffer
                0x00800710                SoftwareSerial::_receive_buffer_tail
 .bss           0x00800712       0x97 /Users/tom/Development/git/Arduino/avrlib/Release/libDiecimilaCore.a(HardwareSerial.o)
                0x00800712                rx_buffer
                0x00800796                Serial
 .bss           0x008007a9        0x0 /Users/tom/Development/git/Arduino/avrlib/Release/libDiecimilaCore.a(Print.o)
 .bss           0x008007a9        0x4 /Users/tom/Development/git/Arduino/avrlib/Release/libDiecimilaCore.a(WInterrupts.o)
 .bss           0x008007ad        0x1 /Users/tom/Development/git/Arduino/avrlib/Release/libDiecimilaCore.a(WString.o)
 .bss           0x008007ae        0x0 /Users/tom/Development/git/Arduino/avrlib/Release/libDiecimilaCore.a(pins_arduino.o)
 .bss           0x008007ae        0x9 /Users/tom/Development/git/Arduino/avrlib/Release/libDiecimilaCore.a(wiring.o)
                0x008007ae                timer0_overflow_count
                0x008007b2                timer0_millis
 .bss           0x008007b7        0x0 /Users/tom/Development/git/Arduino/avrlib/Release/libDiecimilaCore.a(wiring_analog.o)
 .bss           0x008007b7        0x0 /Users/tom/Development/git/Arduino/avrlib/Release/libDiecimilaCore.a(wiring_digital.o)
 .bss           0x008007b7        0x0 /usr/local/CrossPack-AVR-20100115/lib/gcc/avr/4.3.3/../../../../avr/lib/avr5/libm.a(addsf3.o)
 .bss           0x008007b7        0x0 /usr/local/CrossPack-AVR-20100115/lib/gcc/avr/4.3.3/../../../../avr/lib/avr5/libm.a(addsf3x.o)
 .bss           0x008007b7        0x0 /usr/local/CrossPack-AVR-20100115/lib/gcc/avr/4.3.3/../../../../avr/lib/avr5/libm.a(cmpsf2.o)
 .bss           0x008007b7        0x0 /usr/local/CrossPack-AVR-20100115/lib/gcc/avr/4.3.3/../../../../avr/lib/avr5/libm.a(divsf3.o)
 .bss           0x008007b7        0x0 /usr/local/CrossPack-AVR-20100115/lib/gcc/avr/4.3.3/../../../../avr/lib/avr5/libm.a(divsf3x.o)
 .bss           0x008007b7        0x0 /usr/local/CrossPack-AVR-20100115/lib/gcc/avr/4.3.3/../../../../avr/lib/avr5/libm.a(fixsfsi.o)
 .bss           0x008007b7        0x0 /usr/local/CrossPack-AVR-20100115/lib/gcc/avr/4.3.3/../../../../avr/lib/avr5/libm.a(fixunssfsi.o)
 .bss           0x008007b7        0x0 /usr/local/CrossPack-AVR-20100115/lib/gcc/avr/4.3.3/../../../../avr/lib/avr5/libm.a(floatsisf.o)
 .bss           0x008007b7        0x0 /usr/local/CrossPack-AVR-20100115/lib/gcc/avr/4.3.3/../../../../avr/lib/avr5/libm.a(fp_cmp.o)
 .bss           0x008007b7        0x0 /usr/local/CrossPack-AVR-20100115/lib/gcc/avr/4.3.3/../../../../avr/lib/avr5/libm.a(fp_inf.o)
 .bss           0x008007b7        0x0 /usr/local/CrossPack-AVR-20100115/lib/gcc/avr/4.3.3/../../../../avr/lib/avr5/libm.a(fp_nan.o)
 .bss           0x008007b7        0x0 /usr/local/CrossPack-AVR-20100115/lib/gcc/avr/4.3.3/../../../../avr/lib/avr5/libm.a(fp_pscA.o)
 .bss           0x008007b7        0x0 /usr/local/CrossPack-AVR-20100115/lib/gcc/avr/4.3.3/../../../../avr/lib/avr5/libm.a(fp_pscB.o)
 .bss           0x008007b7        0x0 /usr/local/CrossPack-AVR-20100115/lib/gcc/avr/4.3.3/../../../../avr/lib/avr5/libm.a(fp_round.o)
 .bss           0x008007b7        0x0 /usr/local/CrossPack-AVR-20100115/lib/gcc/avr/4.3.3/../../../../avr/lib/avr5/libm.a(fp_split3.o)
 .bss           0x008007b7        0x0 /usr/local/CrossPack-AVR-20100115/lib/gcc/avr/4.3.3/../../../../avr/lib/avr5/libm.a(fp_zero.o)
 .bss           0x008007b7        0x0 /usr/local/CrossPack-AVR-20100115/lib/gcc/avr/4.3.3/../../../../avr/lib/avr5/libm.a(mulsf3.o)
 .bss           0x008007b7        0x0 /usr/local/CrossPack-AVR-20100115/lib/gcc/avr/4.3.3/../../../../avr/lib/avr5/libm.a(mulsf3x.o)
 .bss           0x008007b7        0x0 /usr/local/CrossPack-AVR-20100115/lib/gcc/avr/4.3.3/avr5/libgcc.a(_udivmodqi4.o)
 .bss           0x008007b7        0x0 /usr/local/CrossPack-AVR-20100115/lib/gcc/avr/4.3.3/avr5/libgcc.a(_divmodhi4.o)
 .bss           0x008007b7        0x0 /usr/local/CrossPack-AVR-20100115/lib/gcc/avr/4.3.3/avr5/libgcc.a(_udivmodsi4.o)
 .bss           0x008007b7        0x0 /usr/local/CrossPack-AVR-20100115/lib/gcc/avr/4.3.3/avr5/libgcc.a(_exit.o)
 .bss           0x008007b7        0x0 /usr/local/CrossPack-AVR-20100115/lib/gcc/avr/4.3.3/avr5/libgcc.a(_copy_data.o)
 .bss           0x008007b7        0x0 /usr/local/CrossPack-AVR-20100115/lib/gcc/avr/4.3.3/avr5/libgcc.a(_clear_bss.o)
 .bss           0x008007b7        0x0 /usr/local/CrossPack-AVR-20100115/lib/gcc/avr/4.3.3/avr5/libgcc.a(_ctors.o)
 .bss           0x008007b7        0x0 /usr/local/CrossPack-AVR-20100115/lib/gcc/avr/4.3.3/avr5/libgcc.a(_dtors.o)
 .bss           0x008007b7        0x0 /usr/local/CrossPack-AVR-20100115/lib/gcc/avr/4.3.3/avr5/libgcc.a(_udivmodhi4.o)
 .bss           0x008007b7        0x0 /usr/local/CrossPack-AVR-20100115/lib/gcc/avr/4.3.3/avr5/libgcc.a(_tablejump.o)
 .bss           0x008007b7        0x0 /usr/local/CrossPack-AVR-20100115/lib/gcc/avr/4.3.3/../../../../avr/lib/avr5/libc.a(malloc.o)
 .bss           0x008007b7        0x0 /usr/local/CrossPack-AVR-20100115/lib/gcc/avr/4.3.3/../../../../avr/lib/avr5/libc.a(realloc.o)
 .bss           0x008007b7        0x0 /usr/local/CrossPack-AVR-20100115/lib/gcc/avr/4.3.3/../../../../avr/lib/avr5/libc.a(atof.o)
 .bss           0x008007b7        0x0 /usr/local/CrossPack-AVR-20100115/lib/gcc/avr/4.3.3/../../../../avr/lib/avr5/libc.a(atol.o)
 .bss           0x008007b7        0x0 /usr/local/CrossPack-AVR-20100115/lib/gcc/avr/4.3.3/../../../../avr/lib/avr5/libc.a(isspace.o)
 .bss           0x008007b7        0x0 /usr/local/CrossPack-AVR-20100115/lib/gcc/avr/4.3.3/../../../../avr/lib/avr5/libc.a(tolower.o)
 .bss           0x008007b7        0x0 /usr/local/CrossPack-AVR-20100115/lib/gcc/avr/4.3.3/../../../../avr/lib/avr5/libc.a(toupper.o)
 .bss           0x008007b7        0x0 /usr/local/CrossPack-AVR-20100115/lib/gcc/avr/4.3.3/../../../../avr/lib/avr5/libc.a(memcpy.o)
 .bss           0x008007b7        0x0 /usr/local/CrossPack-AVR-20100115/lib/gcc/avr/4.3.3/../../../../avr/lib/avr5/libc.a(strcat.o)
 .bss           0x008007b7        0x0 /usr/local/CrossPack-AVR-20100115/lib/gcc/avr/4.3.3/../../../../avr/lib/avr5/libc.a(strchr.o)
 .bss           0x008007b7        0x0 /usr/local/CrossPack-AVR-20100115/lib/gcc/avr/4.3.3/../../../../avr/lib/avr5/libc.a(strcmp.o)
 .bss           0x008007b7        0x0 /usr/local/CrossPack-AVR-20100115/lib/gcc/avr/4.3.3/../../../../avr/lib/avr5/libc.a(strcpy.o)
 .bss           0x008007b7        0x0 /usr/local/CrossPack-AVR-20100115/lib/gcc/avr/4.3.3/../../../../avr/lib/avr5/libc.a(strncmp.o)
 .bss           0x008007b7        0x0 /usr/local/CrossPack-AVR-20100115/lib/gcc/avr/4.3.3/../../../../avr/lib/avr5/libc.a(strncpy.o)
 .bss           0x008007b7        0x0 /usr/local/CrossPack-AVR-20100115/lib/gcc/avr/4.3.3/../../../../avr/lib/avr5/libc.a(strrchr.o)
 .bss           0x008007b7        0x0 /usr/local/CrossPack-AVR-20100115/lib/gcc/avr/4.3.3/../../../../avr/lib/avr5/libc.a(strstr.o)
 .bss           0x008007b7        0x0 /usr/local/CrossPack-AVR-20100115/lib/gcc/avr/4.3.3/../../../../avr/lib/avr5/libc.a(itoa.o)
 .bss           0x008007b7        0x0 /usr/local/CrossPack-AVR-20100115/lib/gcc/avr/4.3.3/../../../../avr/lib/avr5/libc.a(ltoa.o)
 .bss           0x008007b7        0x0 /usr/local/CrossPack-AVR-20100115/lib/gcc/avr/4.3.3/../../../../avr/lib/avr5/libc.a(mulsi10.o)
 .bss           0x008007b7        0x0 /usr/local/CrossPack-AVR-20100115/lib/gcc/avr/4.3.3/../../../../avr/lib/avr5/libc.a(ultoa.o)
 .bss           0x008007b7        0x0 /usr/local/CrossPack-AVR-20100115/lib/gcc/avr/4.3.3/../../../../avr/lib/avr5/libc.a(strtod.o)
 .bss           0x008007b7        0x0 /usr/local/CrossPack-AVR-20100115/lib/gcc/avr/4.3.3/../../../../avr/lib/avr5/libc.a(cty_isfalse.o)
 .bss           0x008007b7        0x0 /usr/local/CrossPack-AVR-20100115/lib/gcc/avr/4.3.3/../../../../avr/lib/avr5/libc.a(strncasecmp_P.o)
 .bss           0x008007b7        0x0 /usr/local/CrossPack-AVR-20100115/lib/gcc/avr/4.3.3/../../../../avr/lib/avr5/libc.a(strrev.o)
 .bss           0x008007b7        0x0 /usr/local/CrossPack-AVR-20100115/lib/gcc/avr/4.3.3/../../../../avr/lib/avr5/libc.a(errno.o)
 .bss           0x008007b7        0x0 /usr/local/CrossPack-AVR-20100115/lib/gcc/avr/4.3.3/avr5/libgcc.a(_prologue.o)
 .bss           0x008007b7        0x0 /usr/local/CrossPack-AVR-20100115/lib/gcc/avr/4.3.3/avr5/libgcc.a(_epilogue.o)
 *(.bss*)
 *(COMMON)
 COMMON         0x008007b7        0x4 /usr/local/CrossPack-AVR-20100115/lib/gcc/avr/4.3.3/../../../../avr/lib/avr5/libc.a(malloc.o)
                0x008007b7                __brkval
                0x008007b9                __flp
 COMMON         0x008007bb        0x2 /usr/local/CrossPack-AVR-20100115/lib/gcc/avr/4.3.3/../../../../avr/lib/avr5/libc.a(errno.o)
                0x008007bb                errno
                0x008007bd                PROVIDE (__bss_end, .)
                0x000057ac                __data_load_start = LOADADDR (.data)
                0x00005c32                __data_load_end = (__data_load_start + SIZEOF (.data))

.noinit         0x008007bd        0x0
                0x008007bd                PROVIDE (__noinit_start, .)
 *(.noinit*)
                0x008007bd                PROVIDE (__noinit_end, .)
                0x008007bd                _end = .
                0x008007bd                PROVIDE (__heap_start, .)

.eeprom         0x00810000        0x0
 *(.eeprom*)
                0x00810000                __eeprom_end = .

.fuse
 *(.fuse)
 *(.lfuse)
 *(.hfuse)
 *(.efuse)

.lock
 *(.lock*)

.signature
 *(.signature*)

.stab
 *(.stab)

.stabstr
 *(.stabstr)

.stab.excl
 *(.stab.excl)

.stab.exclstr
 *(.stab.exclstr)

.stab.index
 *(.stab.index)

.stab.indexstr
 *(.stab.indexstr)

.comment
 *(.comment)

.debug
 *(.debug)

.line
 *(.line)

.debug_srcinfo
 *(.debug_srcinfo)

.debug_sfnames
 *(.debug_sfnames)

.debug_aranges
 *(.debug_aranges)

.debug_pubnames
 *(.debug_pubnames)

.debug_info
 *(.debug_info)
 *(.gnu.linkonce.wi.*)

.debug_abbrev
 *(.debug_abbrev)

.debug_line
 *(.debug_line)

.debug_frame
 *(.debug_frame)

.debug_str
 *(.debug_str)

.debug_loc
 *(.debug_loc)

.debug_macinfo
 *(.debug_macinfo)
OUTPUT(AqMonitor.elf elf32-avr)
LOAD linker stubs

.debug_ranges

Cross Reference Table

Symbol                                            File
HardwareSerial::HardwareSerial(ring_buffer*, unsigned char volatile*, unsigned char volatile*, unsigned char volatile*, unsigned char volatile*, unsigned char volatile*, unsigned char, unsigned char, unsigned char, unsigned char, unsigned char) /Users/tom/Development/git/Arduino/avrlib/Release/libDiecimilaCore.a(HardwareSerial.o)
HardwareSerial::HardwareSerial(ring_buffer*, unsigned char volatile*, unsigned char volatile*, unsigned char volatile*, unsigned char volatile*, unsigned char volatile*, unsigned char, unsigned char, unsigned char, unsigned char, unsigned char) /Users/tom/Development/git/Arduino/avrlib/Release/libDiecimilaCore.a(HardwareSerial.o)
HardwareSerial::available()                       /Users/tom/Development/git/Arduino/avrlib/Release/libDiecimilaCore.a(HardwareSerial.o)
                                                  ./main.o
HardwareSerial::begin(long)                       /Users/tom/Development/git/Arduino/avrlib/Release/libDiecimilaCore.a(HardwareSerial.o)
                                                  ./main.o
HardwareSerial::end()                             /Users/tom/Development/git/Arduino/avrlib/Release/libDiecimilaCore.a(HardwareSerial.o)
HardwareSerial::flush()                           /Users/tom/Development/git/Arduino/avrlib/Release/libDiecimilaCore.a(HardwareSerial.o)
HardwareSerial::peek()                            /Users/tom/Development/git/Arduino/avrlib/Release/libDiecimilaCore.a(HardwareSerial.o)
HardwareSerial::read()                            /Users/tom/Development/git/Arduino/avrlib/Release/libDiecimilaCore.a(HardwareSerial.o)
                                                  ./main.o
HardwareSerial::write(unsigned char)              /Users/tom/Development/git/Arduino/avrlib/Release/libDiecimilaCore.a(HardwareSerial.o)
LCD                                               ./Lcd.o
                                                  ./main.o
Lcd::Lcd()                                        ./Lcd.o
Lcd::Lcd()                                        ./Lcd.o
Lcd::clear()                                      ./Lcd.o
Lcd::enableBlink(unsigned char)                   ./Lcd.o
Lcd::enableDisplay(unsigned char)                 ./Lcd.o
Lcd::enableUnderline(unsigned char)               ./Lcd.o
Lcd::home()                                       ./Lcd.o
Lcd::initialize()                                 ./Lcd.o
                                                  ./main.o
Lcd::moveCursor(unsigned char)                    ./Lcd.o
Lcd::sendCommand(unsigned char)                   ./Lcd.o
Lcd::setBaudRate(unsigned char)                   ./Lcd.o
Lcd::setBrightness(unsigned char)                 ./Lcd.o
Lcd::setContrast(unsigned char)                   ./Lcd.o
Lcd::setCursorPosition(unsigned char)             ./Lcd.o
Lcd::setI2CAddress(unsigned char)                 ./Lcd.o
Lcd::shift(unsigned char)                         ./Lcd.o
Lcd::showBaudRate()                               ./Lcd.o
Lcd::showFirmware()                               ./Lcd.o
Lcd::showI2CAddress()                             ./Lcd.o
Lcd::updateDate(unsigned char, unsigned char, unsigned char) ./Lcd.o
                                                  ./main.o
Lcd::updateTemp(double)                           ./Lcd.o
                                                  ./main.o
Lcd::updateTime(unsigned char, unsigned char, unsigned char, unsigned char, unsigned char) ./Lcd.o
                                                  ./main.o
Lcd::updatepH(double)                             ./Lcd.o
                                                  ./main.o
PH                                                ./PhStamp.o
                                                  ./main.o
PhStamp::PhStamp()                                ./PhStamp.o
PhStamp::PhStamp()                                ./PhStamp.o
PhStamp::getAverageValue()                        ./PhStamp.o
                                                  ./main.o
PhStamp::getBuffer()                              ./PhStamp.o
PhStamp::getLastValue()                           ./PhStamp.o
PhStamp::initialize()                             ./PhStamp.o
                                                  ./main.o
PhStamp::sample(double)                           ./PhStamp.o
                                                  ./main.o
Print::print(String const&)                       /Users/tom/Development/git/Arduino/avrlib/Release/libDiecimilaCore.a(Print.o)
Print::print(char const*)                         /Users/tom/Development/git/Arduino/avrlib/Release/libDiecimilaCore.a(Print.o)
                                                  ./main.o
                                                  ./PhStamp.o
                                                  ./Lcd.o
Print::print(char, int)                           /Users/tom/Development/git/Arduino/avrlib/Release/libDiecimilaCore.a(Print.o)
Print::print(double, int)                         /Users/tom/Development/git/Arduino/avrlib/Release/libDiecimilaCore.a(Print.o)
                                                  ./PhStamp.o
                                                  ./Lcd.o
Print::print(int, int)                            /Users/tom/Development/git/Arduino/avrlib/Release/libDiecimilaCore.a(Print.o)
                                                  ./main.o
                                                  ./Lcd.o
Print::print(long, int)                           /Users/tom/Development/git/Arduino/avrlib/Release/libDiecimilaCore.a(Print.o)
Print::print(unsigned char, int)                  /Users/tom/Development/git/Arduino/avrlib/Release/libDiecimilaCore.a(Print.o)
                                                  ./Lcd.o
Print::print(unsigned int, int)                   /Users/tom/Development/git/Arduino/avrlib/Release/libDiecimilaCore.a(Print.o)
                                                  ./PhStamp.o
Print::print(unsigned long, int)                  /Users/tom/Development/git/Arduino/avrlib/Release/libDiecimilaCore.a(Print.o)
Print::printFloat(double, unsigned char)          /Users/tom/Development/git/Arduino/avrlib/Release/libDiecimilaCore.a(Print.o)
Print::printNumber(unsigned long, unsigned char)  /Users/tom/Development/git/Arduino/avrlib/Release/libDiecimilaCore.a(Print.o)
Print::println()                                  /Users/tom/Development/git/Arduino/avrlib/Release/libDiecimilaCore.a(Print.o)
                                                  ./main.o
Print::println(String const&)                     /Users/tom/Development/git/Arduino/avrlib/Release/libDiecimilaCore.a(Print.o)
Print::println(char const*)                       /Users/tom/Development/git/Arduino/avrlib/Release/libDiecimilaCore.a(Print.o)
                                                  ./main.o
                                                  ./PhStamp.o
                                                  ./Lcd.o
Print::println(char, int)                         /Users/tom/Development/git/Arduino/avrlib/Release/libDiecimilaCore.a(Print.o)
Print::println(double, int)                       /Users/tom/Development/git/Arduino/avrlib/Release/libDiecimilaCore.a(Print.o)
Print::println(int, int)                          /Users/tom/Development/git/Arduino/avrlib/Release/libDiecimilaCore.a(Print.o)
                                                  ./main.o
                                                  ./PhStamp.o
Print::println(long, int)                         /Users/tom/Development/git/Arduino/avrlib/Release/libDiecimilaCore.a(Print.o)
Print::println(unsigned char, int)                /Users/tom/Development/git/Arduino/avrlib/Release/libDiecimilaCore.a(Print.o)
Print::println(unsigned int, int)                 /Users/tom/Development/git/Arduino/avrlib/Release/libDiecimilaCore.a(Print.o)
Print::println(unsigned long, int)                /Users/tom/Development/git/Arduino/avrlib/Release/libDiecimilaCore.a(Print.o)
Print::write(char const*)                         /Users/tom/Development/git/Arduino/avrlib/Release/libDiecimilaCore.a(Print.o)
                                                  /Users/tom/Development/git/Arduino/avrlib/Release/libDiecimilaCore.a(HardwareSerial.o)
                                                  /Users/tom/Development/git/Arduino/SoftwareSerial/Debug/libSoftwareSerialLib.a(SoftwareSerial.o)
Print::write(unsigned char const*, unsigned int)  /Users/tom/Development/git/Arduino/avrlib/Release/libDiecimilaCore.a(Print.o)
                                                  /Users/tom/Development/git/Arduino/avrlib/Release/libDiecimilaCore.a(HardwareSerial.o)
                                                  /Users/tom/Development/git/Arduino/SoftwareSerial/Debug/libSoftwareSerialLib.a(SoftwareSerial.o)
RTC                                               ./RealTimeClock.o
                                                  ./main.o
RealTimeClock::RealTimeClock()                    ./RealTimeClock.o
RealTimeClock::RealTimeClock()                    ./RealTimeClock.o
RealTimeClock::bcdToDec(unsigned char)            ./RealTimeClock.o
RealTimeClock::decToBcd(unsigned char)            ./RealTimeClock.o
RealTimeClock::getDate()                          ./RealTimeClock.o
                                                  ./main.o
RealTimeClock::getDayOfWeek()                     ./RealTimeClock.o
                                                  ./main.o
RealTimeClock::getFormatted(char*)                ./RealTimeClock.o
RealTimeClock::getHours()                         ./RealTimeClock.o
                                                  ./main.o
RealTimeClock::getMinutes()                       ./RealTimeClock.o
                                                  ./main.o
RealTimeClock::getMonth()                         ./RealTimeClock.o
                                                  ./main.o
RealTimeClock::getSeconds()                       ./RealTimeClock.o
                                                  ./main.o
RealTimeClock::getYear()                          ./RealTimeClock.o
                                                  ./main.o
RealTimeClock::highNybbleToASCII(unsigned char)   ./RealTimeClock.o
RealTimeClock::initialize()                       ./RealTimeClock.o
                                                  ./main.o
RealTimeClock::is12hour()                         ./RealTimeClock.o
                                                  ./main.o
RealTimeClock::isPM()                             ./RealTimeClock.o
                                                  ./main.o
RealTimeClock::isStopped()                        ./RealTimeClock.o
RealTimeClock::lowNybbleToASCII(unsigned char)    ./RealTimeClock.o
RealTimeClock::readClock()                        ./RealTimeClock.o
                                                  ./main.o
RealTimeClock::readData(unsigned char)            ./RealTimeClock.o
                                                  ./main.o
RealTimeClock::readData(unsigned char, void*, int) ./RealTimeClock.o
RealTimeClock::set24h()                           ./RealTimeClock.o
RealTimeClock::setAM()                            ./RealTimeClock.o
                                                  ./main.o
RealTimeClock::setClock()                         ./RealTimeClock.o
                                                  ./main.o
RealTimeClock::setDate(int)                       ./RealTimeClock.o
                                                  ./main.o
RealTimeClock::setDayOfWeek(int)                  ./RealTimeClock.o
                                                  ./main.o
RealTimeClock::setHours(int)                      ./RealTimeClock.o
                                                  ./main.o
RealTimeClock::setMinutes(int)                    ./RealTimeClock.o
                                                  ./main.o
RealTimeClock::setMonth(int)                      ./RealTimeClock.o
                                                  ./main.o
RealTimeClock::setPM()                            ./RealTimeClock.o
                                                  ./main.o
RealTimeClock::setSeconds(int)                    ./RealTimeClock.o
                                                  ./main.o
RealTimeClock::setYear(int)                       ./RealTimeClock.o
                                                  ./main.o
RealTimeClock::sqwDisable(unsigned char)          ./RealTimeClock.o
                                                  ./main.o
RealTimeClock::sqwEnable(unsigned char)           ./RealTimeClock.o
                                                  ./main.o
RealTimeClock::start()                            ./RealTimeClock.o
                                                  ./main.o
RealTimeClock::stop()                             ./RealTimeClock.o
                                                  ./main.o
RealTimeClock::switchTo12h()                      ./RealTimeClock.o
                                                  ./main.o
RealTimeClock::switchTo24h()                      ./RealTimeClock.o
                                                  ./main.o
RealTimeClock::writeData(unsigned char, unsigned char) ./RealTimeClock.o
                                                  ./main.o
RealTimeClock::writeData(unsigned char, void*, int) ./RealTimeClock.o
Serial                                            /Users/tom/Development/git/Arduino/avrlib/Release/libDiecimilaCore.a(HardwareSerial.o)
                                                  ./main.o
                                                  ./PhStamp.o
                                                  ./Lcd.o
SerialReadPosInt()                                ./main.o
SoftwareSerial::SoftwareSerial()                  /Users/tom/Development/git/Arduino/SoftwareSerial/Debug/libSoftwareSerialLib.a(SoftwareSerial.o)
                                                  ./PhStamp.o
                                                  ./Lcd.o
SoftwareSerial::SoftwareSerial()                  /Users/tom/Development/git/Arduino/SoftwareSerial/Debug/libSoftwareSerialLib.a(SoftwareSerial.o)
SoftwareSerial::SoftwareSerial(unsigned char, unsigned char, bool) /Users/tom/Development/git/Arduino/SoftwareSerial/Debug/libSoftwareSerialLib.a(SoftwareSerial.o)
SoftwareSerial::SoftwareSerial(unsigned char, unsigned char, bool) /Users/tom/Development/git/Arduino/SoftwareSerial/Debug/libSoftwareSerialLib.a(SoftwareSerial.o)
                                                  ./PhStamp.o
                                                  ./Lcd.o
SoftwareSerial::_receive_buffer                   /Users/tom/Development/git/Arduino/SoftwareSerial/Debug/libSoftwareSerialLib.a(SoftwareSerial.o)
SoftwareSerial::_receive_buffer_head              /Users/tom/Development/git/Arduino/SoftwareSerial/Debug/libSoftwareSerialLib.a(SoftwareSerial.o)
SoftwareSerial::_receive_buffer_tail              /Users/tom/Development/git/Arduino/SoftwareSerial/Debug/libSoftwareSerialLib.a(SoftwareSerial.o)
SoftwareSerial::active_object                     /Users/tom/Development/git/Arduino/SoftwareSerial/Debug/libSoftwareSerialLib.a(SoftwareSerial.o)
SoftwareSerial::available()                       /Users/tom/Development/git/Arduino/SoftwareSerial/Debug/libSoftwareSerialLib.a(SoftwareSerial.o)
                                                  ./PhStamp.o
SoftwareSerial::begin(long)                       /Users/tom/Development/git/Arduino/SoftwareSerial/Debug/libSoftwareSerialLib.a(SoftwareSerial.o)
                                                  ./PhStamp.o
                                                  ./Lcd.o
SoftwareSerial::enable_timer0(bool)               /Users/tom/Development/git/Arduino/SoftwareSerial/Debug/libSoftwareSerialLib.a(SoftwareSerial.o)
SoftwareSerial::end()                             /Users/tom/Development/git/Arduino/SoftwareSerial/Debug/libSoftwareSerialLib.a(SoftwareSerial.o)
SoftwareSerial::flush()                           /Users/tom/Development/git/Arduino/SoftwareSerial/Debug/libSoftwareSerialLib.a(SoftwareSerial.o)
SoftwareSerial::handle_interrupt()                /Users/tom/Development/git/Arduino/SoftwareSerial/Debug/libSoftwareSerialLib.a(SoftwareSerial.o)
SoftwareSerial::listen()                          /Users/tom/Development/git/Arduino/SoftwareSerial/Debug/libSoftwareSerialLib.a(SoftwareSerial.o)
                                                  ./PhStamp.o
                                                  ./Lcd.o
SoftwareSerial::peek()                            /Users/tom/Development/git/Arduino/SoftwareSerial/Debug/libSoftwareSerialLib.a(SoftwareSerial.o)
SoftwareSerial::read()                            /Users/tom/Development/git/Arduino/SoftwareSerial/Debug/libSoftwareSerialLib.a(SoftwareSerial.o)
                                                  ./PhStamp.o
SoftwareSerial::recv()                            /Users/tom/Development/git/Arduino/SoftwareSerial/Debug/libSoftwareSerialLib.a(SoftwareSerial.o)
SoftwareSerial::rx_pin_read()                     /Users/tom/Development/git/Arduino/SoftwareSerial/Debug/libSoftwareSerialLib.a(SoftwareSerial.o)
SoftwareSerial::setRX(unsigned char)              /Users/tom/Development/git/Arduino/SoftwareSerial/Debug/libSoftwareSerialLib.a(SoftwareSerial.o)
SoftwareSerial::setTX(unsigned char)              /Users/tom/Development/git/Arduino/SoftwareSerial/Debug/libSoftwareSerialLib.a(SoftwareSerial.o)
SoftwareSerial::tx_pin_write(unsigned char)       /Users/tom/Development/git/Arduino/SoftwareSerial/Debug/libSoftwareSerialLib.a(SoftwareSerial.o)
SoftwareSerial::write(unsigned char)              /Users/tom/Development/git/Arduino/SoftwareSerial/Debug/libSoftwareSerialLib.a(SoftwareSerial.o)
SoftwareSerial::~SoftwareSerial()                 /Users/tom/Development/git/Arduino/SoftwareSerial/Debug/libSoftwareSerialLib.a(SoftwareSerial.o)
SoftwareSerial::~SoftwareSerial()                 /Users/tom/Development/git/Arduino/SoftwareSerial/Debug/libSoftwareSerialLib.a(SoftwareSerial.o)
                                                  ./PhStamp.o
                                                  ./Lcd.o
String::String(String const&)                     /Users/tom/Development/git/Arduino/avrlib/Release/libDiecimilaCore.a(WString.o)
String::String(String const&)                     /Users/tom/Development/git/Arduino/avrlib/Release/libDiecimilaCore.a(WString.o)
String::String(char const*)                       /Users/tom/Development/git/Arduino/avrlib/Release/libDiecimilaCore.a(WString.o)
String::String(char const*)                       /Users/tom/Development/git/Arduino/avrlib/Release/libDiecimilaCore.a(WString.o)
String::String(char)                              /Users/tom/Development/git/Arduino/avrlib/Release/libDiecimilaCore.a(WString.o)
String::String(char)                              /Users/tom/Development/git/Arduino/avrlib/Release/libDiecimilaCore.a(WString.o)
String::String(int, int)                          /Users/tom/Development/git/Arduino/avrlib/Release/libDiecimilaCore.a(WString.o)
String::String(int, int)                          /Users/tom/Development/git/Arduino/avrlib/Release/libDiecimilaCore.a(WString.o)
String::String(long, int)                         /Users/tom/Development/git/Arduino/avrlib/Release/libDiecimilaCore.a(WString.o)
String::String(long, int)                         /Users/tom/Development/git/Arduino/avrlib/Release/libDiecimilaCore.a(WString.o)
String::String(unsigned char)                     /Users/tom/Development/git/Arduino/avrlib/Release/libDiecimilaCore.a(WString.o)
String::String(unsigned char)                     /Users/tom/Development/git/Arduino/avrlib/Release/libDiecimilaCore.a(WString.o)
String::String(unsigned int, int)                 /Users/tom/Development/git/Arduino/avrlib/Release/libDiecimilaCore.a(WString.o)
String::String(unsigned int, int)                 /Users/tom/Development/git/Arduino/avrlib/Release/libDiecimilaCore.a(WString.o)
String::String(unsigned long, int)                /Users/tom/Development/git/Arduino/avrlib/Release/libDiecimilaCore.a(WString.o)
String::String(unsigned long, int)                /Users/tom/Development/git/Arduino/avrlib/Release/libDiecimilaCore.a(WString.o)
String::charAt(unsigned int) const                /Users/tom/Development/git/Arduino/avrlib/Release/libDiecimilaCore.a(WString.o)
String::compareTo(String const&) const            /Users/tom/Development/git/Arduino/avrlib/Release/libDiecimilaCore.a(WString.o)
String::concat(String const&)                     /Users/tom/Development/git/Arduino/avrlib/Release/libDiecimilaCore.a(WString.o)
String::endsWith(String const&) const             /Users/tom/Development/git/Arduino/avrlib/Release/libDiecimilaCore.a(WString.o)
String::equals(String const&) const               /Users/tom/Development/git/Arduino/avrlib/Release/libDiecimilaCore.a(WString.o)
String::equalsIgnoreCase(String const&) const     /Users/tom/Development/git/Arduino/avrlib/Release/libDiecimilaCore.a(WString.o)
String::getBuffer(unsigned int)                   /Users/tom/Development/git/Arduino/avrlib/Release/libDiecimilaCore.a(WString.o)
String::getBytes(unsigned char*, unsigned int)    /Users/tom/Development/git/Arduino/avrlib/Release/libDiecimilaCore.a(WString.o)
String::indexOf(String const&) const              /Users/tom/Development/git/Arduino/avrlib/Release/libDiecimilaCore.a(WString.o)
String::indexOf(String const&, unsigned int) const /Users/tom/Development/git/Arduino/avrlib/Release/libDiecimilaCore.a(WString.o)
String::indexOf(char) const                       /Users/tom/Development/git/Arduino/avrlib/Release/libDiecimilaCore.a(WString.o)
String::indexOf(char, unsigned int) const         /Users/tom/Development/git/Arduino/avrlib/Release/libDiecimilaCore.a(WString.o)
String::lastIndexOf(String const&) const          /Users/tom/Development/git/Arduino/avrlib/Release/libDiecimilaCore.a(WString.o)
String::lastIndexOf(String const&, unsigned int) const /Users/tom/Development/git/Arduino/avrlib/Release/libDiecimilaCore.a(WString.o)
String::lastIndexOf(char) const                   /Users/tom/Development/git/Arduino/avrlib/Release/libDiecimilaCore.a(WString.o)
String::lastIndexOf(char, unsigned int) const     /Users/tom/Development/git/Arduino/avrlib/Release/libDiecimilaCore.a(WString.o)
String::operator!=(String const&) const           /Users/tom/Development/git/Arduino/avrlib/Release/libDiecimilaCore.a(WString.o)
String::operator+=(String const&)                 /Users/tom/Development/git/Arduino/avrlib/Release/libDiecimilaCore.a(WString.o)
String::operator<(String const&) const            /Users/tom/Development/git/Arduino/avrlib/Release/libDiecimilaCore.a(WString.o)
String::operator<=(String const&) const           /Users/tom/Development/git/Arduino/avrlib/Release/libDiecimilaCore.a(WString.o)
String::operator=(String const&)                  /Users/tom/Development/git/Arduino/avrlib/Release/libDiecimilaCore.a(WString.o)
String::operator==(String const&) const           /Users/tom/Development/git/Arduino/avrlib/Release/libDiecimilaCore.a(WString.o)
String::operator>(String const&) const            /Users/tom/Development/git/Arduino/avrlib/Release/libDiecimilaCore.a(WString.o)
String::operator>=(String const&) const           /Users/tom/Development/git/Arduino/avrlib/Release/libDiecimilaCore.a(WString.o)
String::operator[](unsigned int)                  /Users/tom/Development/git/Arduino/avrlib/Release/libDiecimilaCore.a(WString.o)
String::operator[](unsigned int) const            /Users/tom/Development/git/Arduino/avrlib/Release/libDiecimilaCore.a(WString.o)
                                                  /Users/tom/Development/git/Arduino/avrlib/Release/libDiecimilaCore.a(Print.o)
String::replace(String const&, String const&)     /Users/tom/Development/git/Arduino/avrlib/Release/libDiecimilaCore.a(WString.o)
String::replace(char, char)                       /Users/tom/Development/git/Arduino/avrlib/Release/libDiecimilaCore.a(WString.o)
String::setCharAt(unsigned int, char)             /Users/tom/Development/git/Arduino/avrlib/Release/libDiecimilaCore.a(WString.o)
String::startsWith(String const&) const           /Users/tom/Development/git/Arduino/avrlib/Release/libDiecimilaCore.a(WString.o)
String::startsWith(String const&, unsigned int) const /Users/tom/Development/git/Arduino/avrlib/Release/libDiecimilaCore.a(WString.o)
String::substring(unsigned int) const             /Users/tom/Development/git/Arduino/avrlib/Release/libDiecimilaCore.a(WString.o)
String::substring(unsigned int, unsigned int) const /Users/tom/Development/git/Arduino/avrlib/Release/libDiecimilaCore.a(WString.o)
String::toCharArray(char*, unsigned int)          /Users/tom/Development/git/Arduino/avrlib/Release/libDiecimilaCore.a(WString.o)
String::toInt()                                   /Users/tom/Development/git/Arduino/avrlib/Release/libDiecimilaCore.a(WString.o)
String::toLowerCase() const                       /Users/tom/Development/git/Arduino/avrlib/Release/libDiecimilaCore.a(WString.o)
String::toUpperCase() const                       /Users/tom/Development/git/Arduino/avrlib/Release/libDiecimilaCore.a(WString.o)
String::trim() const                              /Users/tom/Development/git/Arduino/avrlib/Release/libDiecimilaCore.a(WString.o)
String::~String()                                 /Users/tom/Development/git/Arduino/avrlib/Release/libDiecimilaCore.a(WString.o)
TEMP                                              ./TemperatureProbe.o
                                                  ./main.o
TemperatureProbe::TemperatureProbe()              ./TemperatureProbe.o
TemperatureProbe::TemperatureProbe()              ./TemperatureProbe.o
TemperatureProbe::getAverageValue()               ./TemperatureProbe.o
                                                  ./main.o
TemperatureProbe::getLastValue()                  ./TemperatureProbe.o
TemperatureProbe::initialize()                    ./TemperatureProbe.o
                                                  ./main.o
TemperatureProbe::sample()                        ./TemperatureProbe.o
                                                  ./main.o
TwoWire::TwoWire()                                /Users/tom/Development/git/Arduino/Wire/Debug/libWireLib.a(Wire.o)
TwoWire::TwoWire()                                /Users/tom/Development/git/Arduino/Wire/Debug/libWireLib.a(Wire.o)
                                                  ./PhStamp.o
TwoWire::available()                              /Users/tom/Development/git/Arduino/Wire/Debug/libWireLib.a(Wire.o)
TwoWire::begin()                                  /Users/tom/Development/git/Arduino/Wire/Debug/libWireLib.a(Wire.o)
                                                  ./RealTimeClock.o
TwoWire::begin(int)                               /Users/tom/Development/git/Arduino/Wire/Debug/libWireLib.a(Wire.o)
TwoWire::begin(unsigned char)                     /Users/tom/Development/git/Arduino/Wire/Debug/libWireLib.a(Wire.o)
TwoWire::beginTransmission(int)                   /Users/tom/Development/git/Arduino/Wire/Debug/libWireLib.a(Wire.o)
                                                  ./RealTimeClock.o
TwoWire::beginTransmission(unsigned char)         /Users/tom/Development/git/Arduino/Wire/Debug/libWireLib.a(Wire.o)
TwoWire::endTransmission()                        /Users/tom/Development/git/Arduino/Wire/Debug/libWireLib.a(Wire.o)
                                                  ./RealTimeClock.o
TwoWire::onReceive(void (*)(int))                 /Users/tom/Development/git/Arduino/Wire/Debug/libWireLib.a(Wire.o)
TwoWire::onReceiveService(unsigned char*, int)    /Users/tom/Development/git/Arduino/Wire/Debug/libWireLib.a(Wire.o)
TwoWire::onRequest(void (*)())                    /Users/tom/Development/git/Arduino/Wire/Debug/libWireLib.a(Wire.o)
TwoWire::onRequestService()                       /Users/tom/Development/git/Arduino/Wire/Debug/libWireLib.a(Wire.o)